Component: ARM Compiler 5.06 update 5 (build 528) Tool: armlink [4d35e2]

==============================================================================

Section Cross References

    main.o(i.Default) refers to fxos8700.o(i.Accelerometer_GetState) for Accelerometer_GetState
    main.o(i.Default) refers to main.o(.data) for priorx
    main.o(i.Default) refers to main.o(.bss) for state
    main.o(i.PIT0_IRQHandler) refers to fxos8700.o(i.Accelerometer_GetState) for Accelerometer_GetState
    main.o(i.PIT0_IRQHandler) refers to dflt_clz.o(x$fpl$dflt) for __aeabi_i2d
    main.o(i.PIT0_IRQHandler) refers to dmul.o(x$fpl$dmul) for __aeabi_dmul
    main.o(i.PIT0_IRQHandler) refers to daddsub_clz.o(x$fpl$dadd) for __aeabi_dadd
    main.o(i.PIT0_IRQHandler) refers to dfix.o(x$fpl$dfix) for __aeabi_d2iz
    main.o(i.PIT0_IRQHandler) refers to integrate.o(i.integrate_posx) for integrate_posx
    main.o(i.PIT0_IRQHandler) refers to integrate.o(i.integrate_posy) for integrate_posy
    main.o(i.PIT0_IRQHandler) refers to fsl_debug_console.o(i.debug_printf) for debug_printf
    main.o(i.PIT0_IRQHandler) refers to main.o(.bss) for state
    main.o(i.PIT0_IRQHandler) refers to main.o(.data) for priorx
    main.o(i.SetUP) refers to main.o(i.__NVIC_EnableIRQ) for __NVIC_EnableIRQ
    main.o(i.SetUP) refers to main.o(i.__NVIC_SetPriority) for __NVIC_SetPriority
    main.o(i.main) refers to utils.o(i.LED_Initialize) for LED_Initialize
    main.o(i.main) refers to hardware_init.o(i.hardware_init) for hardware_init
    main.o(i.main) refers to fxos8700.o(i.Accelerometer_Initialize) for Accelerometer_Initialize
    main.o(i.main) refers to fxos8700.o(i.Magnetometer_Initialize) for Magnetometer_Initialize
    main.o(i.main) refers to main.o(i.Default) for Default
    main.o(i.main) refers to fsl_debug_console.o(i.debug_printf) for debug_printf
    main.o(i.main) refers to integrate.o(i.setup_Integral) for setup_Integral
    main.o(i.main) refers to main.o(i.SetUP) for SetUP
    utils.o(i.LEDBlue_On) refers to utils.o(i.__get_PRIMASK) for __get_PRIMASK
    utils.o(i.LEDBlue_On) refers to utils.o(i.__set_PRIMASK) for __set_PRIMASK
    utils.o(i.LEDGreen_On) refers to utils.o(i.__get_PRIMASK) for __get_PRIMASK
    utils.o(i.LEDGreen_On) refers to utils.o(i.__set_PRIMASK) for __set_PRIMASK
    utils.o(i.LEDRed_On) refers to utils.o(i.__get_PRIMASK) for __get_PRIMASK
    utils.o(i.LEDRed_On) refers to utils.o(i.__set_PRIMASK) for __set_PRIMASK
    utils.o(i.LED_Off) refers to utils.o(i.__get_PRIMASK) for __get_PRIMASK
    utils.o(i.LED_Off) refers to utils.o(i.__set_PRIMASK) for __set_PRIMASK
    integrate.o(i.integrate_posx) refers to dmul.o(x$fpl$dmul) for __aeabi_dmul
    integrate.o(i.integrate_posx) refers to dflt_clz.o(x$fpl$dflt) for __aeabi_i2d
    integrate.o(i.integrate_posx) refers to daddsub_clz.o(x$fpl$dadd) for __aeabi_dadd
    integrate.o(i.integrate_posx) refers to dfix.o(x$fpl$dfix) for __aeabi_d2iz
    integrate.o(i.integrate_posx) refers to integrate.o(.data) for time_step
    integrate.o(i.integrate_posy) refers to dmul.o(x$fpl$dmul) for __aeabi_dmul
    integrate.o(i.integrate_posy) refers to dflt_clz.o(x$fpl$dflt) for __aeabi_i2d
    integrate.o(i.integrate_posy) refers to daddsub_clz.o(x$fpl$dadd) for __aeabi_dadd
    integrate.o(i.integrate_posy) refers to dfix.o(x$fpl$dfix) for __aeabi_d2iz
    integrate.o(i.integrate_posy) refers to integrate.o(.data) for time_step
    integrate.o(i.setup_Integral) refers to integrate.o(.data) for prior_positionx
    fxos8700.o(i.Accelerometer_GetState) refers to fxos8700.o(.data) for Status
    fxos8700.o(i.Accelerometer_GetState) refers to i2c_mk64f.o(.constdata) for Driver_I2C0
    fxos8700.o(i.Accelerometer_Initialize) refers to fxos8700.o(i.Initialize) for Initialize
    fxos8700.o(i.Accelerometer_Initialize) refers to fxos8700.o(.data) for Status
    fxos8700.o(i.Accelerometer_Uninitialize) refers to fxos8700.o(.data) for Status
    fxos8700.o(i.Initialize) refers to fxos8700.o(i.Register_Read) for Register_Read
    fxos8700.o(i.Initialize) refers to fxos8700.o(i.Register_Write) for Register_Write
    fxos8700.o(i.Initialize) refers to fxos8700.o(.data) for Status
    fxos8700.o(i.Initialize) refers to i2c_mk64f.o(.constdata) for Driver_I2C0
    fxos8700.o(i.Magnetometer_GetState) refers to fxos8700.o(.data) for Status
    fxos8700.o(i.Magnetometer_GetState) refers to i2c_mk64f.o(.constdata) for Driver_I2C0
    fxos8700.o(i.Magnetometer_Initialize) refers to fxos8700.o(i.Initialize) for Initialize
    fxos8700.o(i.Magnetometer_Initialize) refers to fxos8700.o(.data) for Status
    fxos8700.o(i.Magnetometer_Uninitialize) refers to fxos8700.o(.data) for Status
    fxos8700.o(i.Register_Read) refers to i2c_mk64f.o(.constdata) for Driver_I2C0
    fxos8700.o(i.Register_Write) refers to i2c_mk64f.o(.constdata) for Driver_I2C0
    i2c_mk64f.o(i.EDMA_DRV_PrepareDescriptorTransfer) refers to fsl_edma_hal.o(i.EDMA_HAL_STCDSetBasicTransfer) for EDMA_HAL_STCDSetBasicTransfer
[...]
    i.I2C_HAL_SendStop                       0x000025a4   Section        0  fsl_i2c_hal.o(i.I2C_HAL_SendStop)
    i.I2C_HAL_SetAddress10bit                0x00002610   Section        0  fsl_i2c_hal.o(i.I2C_HAL_SetAddress10bit)
    i.I2C_HAL_SetAddress7bit                 0x00002632   Section        0  fsl_i2c_hal.o(i.I2C_HAL_SetAddress7bit)
    i.I2C_HAL_SetBaudRate                    0x00002648   Section        0  fsl_i2c_hal.o(i.I2C_HAL_SetBaudRate)
    i.I2C_HAL_SetDirMode                     0x000026f0   Section        0  i2c_mk64f.o(i.I2C_HAL_SetDirMode)
    I2C_HAL_SetDirMode                       0x000026f1   Thumb Code    12  i2c_mk64f.o(i.I2C_HAL_SetDirMode)
    i.I2C_HAL_SetDmaCmd                      0x000026fc   Section        0  i2c_mk64f.o(i.I2C_HAL_SetDmaCmd)
    I2C_HAL_SetDmaCmd                        0x000026fd   Thumb Code    12  i2c_mk64f.o(i.I2C_HAL_SetDmaCmd)
    i.I2C_HAL_SetIntCmd                      0x00002708   Section        0  i2c_mk64f.o(i.I2C_HAL_SetIntCmd)
    I2C_HAL_SetIntCmd                        0x00002709   Thumb Code    12  i2c_mk64f.o(i.I2C_HAL_SetIntCmd)
    i.I2C_HAL_WriteByte                      0x00002714   Section        0  i2c_mk64f.o(i.I2C_HAL_WriteByte)
    I2C_HAL_WriteByte                        0x00002715   Thumb Code     4  i2c_mk64f.o(i.I2C_HAL_WriteByte)
    i.I2C_Initialize                         0x00002718   Section        0  i2c_mk64f.o(i.I2C_Initialize)
    I2C_Initialize                           0x00002719   Thumb Code   244  i2c_mk64f.o(i.I2C_Initialize)
    i.I2C_MasterReceive                      0x00002810   Section        0  i2c_mk64f.o(i.I2C_MasterReceive)
    I2C_MasterReceive                        0x00002811   Thumb Code   318  i2c_mk64f.o(i.I2C_MasterReceive)
    i.I2C_MasterTransmit                     0x0000294e   Section        0  i2c_mk64f.o(i.I2C_MasterTransmit)
    I2C_MasterTransmit                       0x0000294f   Thumb Code   318  i2c_mk64f.o(i.I2C_MasterTransmit)
    i.I2C_PowerControl                       0x00002a8c   Section        0  i2c_mk64f.o(i.I2C_PowerControl)
    I2C_PowerControl                         0x00002a8d   Thumb Code   386  i2c_mk64f.o(i.I2C_PowerControl)
    i.I2C_SlaveReceive                       0x00002c18   Section        0  i2c_mk64f.o(i.I2C_SlaveReceive)
    I2C_SlaveReceive                         0x00002c19   Thumb Code    80  i2c_mk64f.o(i.I2C_SlaveReceive)
    i.I2C_SlaveTransmit                      0x00002c68   Section        0  i2c_mk64f.o(i.I2C_SlaveTransmit)
    I2C_SlaveTransmit                        0x00002c69   Thumb Code    80  i2c_mk64f.o(i.I2C_SlaveTransmit)
    i.I2C_Uninitialize                       0x00002cb8   Section        0  i2c_mk64f.o(i.I2C_Uninitialize)
    I2C_Uninitialize                         0x00002cb9   Thumb Code    10  i2c_mk64f.o(i.I2C_Uninitialize)
    i.I2Cx_DMA_Callback                      0x00002cc4   Section        0  i2c_mk64f.o(i.I2Cx_DMA_Callback)
    I2Cx_DMA_Callback                        0x00002cc5   Thumb Code    90  i2c_mk64f.o(i.I2Cx_DMA_Callback)
    i.I2Cx_IRQHandler                        0x00002d24   Section        0  i2c_mk64f.o(i.I2Cx_IRQHandler)
    I2Cx_IRQHandler                          0x00002d25   Thumb Code  1170  i2c_mk64f.o(i.I2Cx_IRQHandler)
    i.Initialize                             0x000031b8   Section        0  fxos8700.o(i.Initialize)
    i.LED_Initialize                         0x0000324c   Section        0  utils.o(i.LED_Initialize)
    i.Magnetometer_Initialize                0x00003294   Section        0  fxos8700.o(i.Magnetometer_Initialize)
    i.OSC_HAL_SetCapacitor                   0x000032b8   Section        0  fsl_osc_hal.o(i.OSC_HAL_SetCapacitor)
    i.OSC_HAL_SetExternalRefClkCmd           0x000032c4   Section        0  fsl_clock_manager.o(i.OSC_HAL_SetExternalRefClkCmd)
    OSC_HAL_SetExternalRefClkCmd             0x000032c5   Thumb Code    10  fsl_clock_manager.o(i.OSC_HAL_SetExternalRefClkCmd)
    i.OSC_HAL_SetExternalRefClkInStopModeCmd 0x000032ce   Section        0  fsl_clock_manager.o(i.OSC_HAL_SetExternalRefClkInStopModeCmd)
    OSC_HAL_SetExternalRefClkInStopModeCmd   0x000032cf   Thumb Code    10  fsl_clock_manager.o(i.OSC_HAL_SetExternalRefClkInStopModeCmd)
    i.PIT0_IRQHandler                        0x000032d8   Section        0  main.o(i.PIT0_IRQHandler)
    i.PIT1_IRQHandler                        0x00003470   Section        0  main.o(i.PIT1_IRQHandler)
    i.PORT_HAL_SetMuxMode                    0x0000347c   Section        0  i2c_mk64f.o(i.PORT_HAL_SetMuxMode)
    PORT_HAL_SetMuxMode                      0x0000347d   Thumb Code    48  i2c_mk64f.o(i.PORT_HAL_SetMuxMode)
    i.PORT_HAL_SetMuxMode                    0x000034c0   Section        0  pin_mux.o(i.PORT_HAL_SetMuxMode)
    PORT_HAL_SetMuxMode                      0x000034c1   Thumb Code    48  pin_mux.o(i.PORT_HAL_SetMuxMode)
    i.PORT_HAL_SetOpenDrainCmd               0x00003504   Section        0  i2c_mk64f.o(i.PORT_HAL_SetOpenDrainCmd)
    PORT_HAL_SetOpenDrainCmd                 0x00003505   Thumb Code    38  i2c_mk64f.o(i.PORT_HAL_SetOpenDrainCmd)
    i.PTx_Base                               0x0000353c   Section        0  i2c_mk64f.o(i.PTx_Base)
    PTx_Base                                 0x0000353d   Thumb Code    72  i2c_mk64f.o(i.PTx_Base)
    i.RTC_HAL_SetOscillatorCmd               0x00003594   Section        0  fsl_clock_manager.o(i.RTC_HAL_SetOscillatorCmd)
    RTC_HAL_SetOscillatorCmd                 0x00003595   Thumb Code    14  fsl_clock_manager.o(i.RTC_HAL_SetOscillatorCmd)
    i.Register_Read                          0x000035a4   Section        0  fxos8700.o(i.Register_Read)
    Register_Read                            0x000035a5   Thumb Code   108  fxos8700.o(i.Register_Read)
    i.Register_Write                         0x00003614   Section        0  fxos8700.o(i.Register_Write)
    Register_Write                           0x00003615   Thumb Code    66  fxos8700.o(i.Register_Write)
    i.SIM_HAL_EnableClock                    0x0000365c   Section        0  fsl_clock_mk64f12.o(i.SIM_HAL_EnableClock)
    SIM_HAL_EnableClock                      0x0000365d   Thumb Code    34  fsl_clock_mk64f12.o(i.SIM_HAL_EnableClock)
    i.SetUP                                  0x00003680   Section        0  main.o(i.SetUP)
    i.SystemCoreClockUpdate                  0x0000370c   Section        0  system_mk64f12.o(i.SystemCoreClockUpdate)
    i.SystemInit                             0x000038d0   Section        0  system_mk64f12.o(i.SystemInit)
    i.UART_HAL_Getchar                       0x000038fc   Section        0  fsl_uart_hal.o(i.UART_HAL_Getchar)
    i.UART_HAL_Putchar                       0x00003908   Section        0  fsl_uart_hal.o(i.UART_HAL_Putchar)
    i.UART_HAL_ReceiveDataPolling            0x00003912   Section        0  fsl_uart_hal.o(i.UART_HAL_ReceiveDataPolling)
    i.UART_HAL_SendDataPolling               0x00003968   Section        0  fsl_uart_hal.o(i.UART_HAL_SendDataPolling)
    i.UART_HAL_SetBaudRate                   0x00003996   Section        0  fsl_uart_hal.o(i.UART_HAL_SetBaudRate)
    i.UART_HAL_SetParityMode                 0x000039da   Section        0  fsl_uart_hal.o(i.UART_HAL_SetParityMode)
    i.__NVIC_EnableIRQ                       0x000039f6   Section        0  main.o(i.__NVIC_EnableIRQ)
    __NVIC_EnableIRQ                         0x000039f7   Thumb Code    26  main.o(i.__NVIC_EnableIRQ)
    i.__NVIC_SetPriority                     0x00003a10   Section        0  main.o(i.__NVIC_SetPriority)
    __NVIC_SetPriority                       0x00003a11   Thumb Code    32  main.o(i.__NVIC_SetPriority)
    i._doprint                               0x00003a38   Section        0  print_scan.o(i._doprint)
    i.configure_uart_pins                    0x00003f9c   Section        0  pin_mux.o(i.configure_uart_pins)
    i.dbg_uart_init                          0x00003fe4   Section        0  board.o(i.dbg_uart_init)
    i.debug_printf                           0x00003ffc   Section        0  fsl_debug_console.o(i.debug_printf)
    i.debug_putc                             0x00004038   Section        0  fsl_debug_console.o(i.debug_putc)
    debug_putc                               0x00004039   Thumb Code    38  fsl_debug_console.o(i.debug_putc)
    i.fput_pad                               0x00004064   Section        0  print_scan.o(i.fput_pad)
    fput_pad                                 0x00004065   Thumb Code    48  print_scan.o(i.fput_pad)
    i.hardware_init                          0x00004094   Section        0  hardware_init.o(i.hardware_init)
    i.init_data_bss                          0x000040b4   Section        0  startup.o(i.init_data_bss)
    i.integrate_posx                         0x000040fc   Section        0  integrate.o(i.integrate_posx)
    i.integrate_posy                         0x000041b4   Section        0  integrate.o(i.integrate_posy)
    i.main                                   0x0000426c   Section        0  main.o(i.main)
    i.mknumstr                               0x000042a0   Section        0  print_scan.o(i.mknumstr)
    mknumstr                                 0x000042a1   Thumb Code   166  print_scan.o(i.mknumstr)
    i.setup_Integral                         0x00004348   Section        0  integrate.o(i.setup_Integral)
    x$fpl$dadd                               0x0000436c   Section      336  daddsub_clz.o(x$fpl$dadd)
    $v0                                      0x0000436c   Number         0  daddsub_clz.o(x$fpl$dadd)
    _dadd1                                   0x0000437d   Thumb Code     0  daddsub_clz.o(x$fpl$dadd)
    x$fpl$dfix                               0x000044bc   Section       94  dfix.o(x$fpl$dfix)
    $v0                                      0x000044bc   Number         0  dfix.o(x$fpl$dfix)
    x$fpl$dflt                               0x0000451a   Section       46  dflt_clz.o(x$fpl$dflt)
    $v0                                      0x0000451a   Number         0  dflt_clz.o(x$fpl$dflt)
    x$fpl$dmul                               0x00004548   Section      340  dmul.o(x$fpl$dmul)
    $v0                                      0x00004548   Number         0  dmul.o(x$fpl$dmul)
    x$fpl$dnaninf                            0x0000469c   Section      156  dnaninf.o(x$fpl$dnaninf)
    $v0                                      0x0000469c   Number         0  dnaninf.o(x$fpl$dnaninf)
    x$fpl$dretinf                            0x00004738   Section       12  dretinf.o(x$fpl$dretinf)
    $v0                                      0x00004738   Number         0  dretinf.o(x$fpl$dretinf)
    x$fpl$dsub                               0x00004744   Section      468  daddsub_clz.o(x$fpl$dsub)
    $v0                                      0x00004744   Number         0  daddsub_clz.o(x$fpl$dsub)
    _dsub1                                   0x00004755   Thumb Code     0  daddsub_clz.o(x$fpl$dsub)
    x$fpl$fpinit                             0x00004918   Section       10  fpinit.o(x$fpl$fpinit)
    $v0                                      0x00004918   Number         0  fpinit.o(x$fpl$fpinit)
    x$fpl$usenofp                            0x00004922   Section        0  usenofp.o(x$fpl$usenofp)
    .constdata                               0x00004924   Section      272  i2c_mk64f.o(.constdata)
    DriverVersion                            0x00004924   Data           4  i2c_mk64f.o(.constdata)
    DriverCapabilities                       0x00004928   Data           4  i2c_mk64f.o(.constdata)
    I2C0_Resources                           0x0000492c   Data          40  i2c_mk64f.o(.constdata)
    I2C1_Resources                           0x00004954   Data          40  i2c_mk64f.o(.constdata)
    I2C2_Resources                           0x0000497c   Data          40  i2c_mk64f.o(.constdata)
    .constdata                               0x00004a34   Section       72  board.o(.constdata)
    .constdata                               0x00004a7c   Section       25  fsl_edma_common.o(.constdata)
    .constdata                               0x00004a98   Section        6  fsl_rtc_common.o(.constdata)
    .constdata                               0x00004a9e   Section      200  fsl_i2c_hal.o(.constdata)
    .constdata                               0x00004b66   Section       48  fsl_mcg_hal.o(.constdata)
    fllFactorTable                           0x00004b66   Data          16  fsl_mcg_hal.o(.constdata)
    freq_kHz                                 0x00004b76   Data          16  fsl_mcg_hal.o(.constdata)
    freqLow_kHz                              0x00004b86   Data          16  fsl_mcg_hal.o(.constdata)
    .constdata                               0x00004b96   Section       25  fsl_clock_mk64f12.o(.constdata)
    portGateTable                            0x00004b96   Data           5  fsl_clock_mk64f12.o(.constdata)
    adcGateTable                             0x00004b9b   Data           2  fsl_clock_mk64f12.o(.constdata)
    dacGateTable                             0x00004b9d   Data           2  fsl_clock_mk64f12.o(.constdata)
    ftmGateTable                             0x00004b9f   Data           4  fsl_clock_mk64f12.o(.constdata)
    spiGateTable                             0x00004ba3   Data           3  fsl_clock_mk64f12.o(.constdata)
    i2cGateTable                             0x00004ba6   Data           3  fsl_clock_mk64f12.o(.constdata)
    uartGateTable                            0x00004ba9   Data           6  fsl_clock_mk64f12.o(.constdata)
    .constdata                               0x00004bb0   Section       12  fsl_clock_manager_common.o(.constdata)
    .constdata                               0x00004bbc   Section       24  fsl_debug_console.o(.constdata)
    .conststring                             0x00004bd4   Section      239  i2c_mk64f.o(.conststring)
    .conststring                             0x00004cc4   Section       81  fsl_edma_driver.o(.conststring)
    .conststring                             0x00004d18   Section       84  fsl_edma_hal.o(.conststring)
    .conststring                             0x00004d6c   Section       84  fsl_gpio_hal.o(.conststring)
    .conststring                             0x00004dc0   Section       82  fsl_i2c_hal.o(.conststring)
    .conststring                             0x00004e14   Section      101  fsl_clock_mk64f12.o(.conststring)
    .conststring                             0x00004e7c   Section       93  fsl_clock_manager.o(.conststring)
    .data                                    0x20000000   Section        8  main.o(.data)
    .data                                    0x20000008   Section       24  integrate.o(.data)
    .data                                    0x20000020   Section        1  fxos8700.o(.data)
    Status                                   0x20000020   Data           1  fxos8700.o(.data)
    .data                                    0x20000024   Section        4  fsl_edma_driver.o(.data)
    .data                                    0x20000028   Section       16  fsl_mcg_hal.o(.data)
    .data                                    0x20000038   Section        4  system_mk64f12.o(.data)
    .bss                                     0x2000003c   Section       48  main.o(.bss)
    .bss                                     0x2000006c   Section       96  i2c_mk64f.o(.bss)
    I2C0_Ctrl                                0x2000006c   Data          32  i2c_mk64f.o(.bss)
    I2C1_Ctrl                                0x2000008c   Data          32  i2c_mk64f.o(.bss)
    I2C2_Ctrl                                0x200000ac   Data          32  i2c_mk64f.o(.bss)
    .bss                                     0x200000cc   Section       16  fsl_debug_console.o(.bss)
    s_debugConsole                           0x200000cc   Data          16  fsl_debug_console.o(.bss)

    Global Symbols

    Symbol Name                              Value     Ov Type        Size  Object(Section)

    BuildAttributes$$THM_ISAv4$E$P$D$K$B$S$7EM$VFPi3$EXTD16$VFPS$VFMA$PE$A:L22UL41UL21$X:L11$S22US41US21$IEEE1$IW$USESV6$~STKCKD$USESV7$~SHL$OTIME$ROPI$EBA8$UX$STANDARDLIB$REQ8$PRES8$EABIv2 0x00000000   Number         0  anon$$obj.o ABSOLUTE
    Image$$VECTOR_RAM$$Base                  0x00000000   Number         0  anon$$obj.o ABSOLUTE
    Image$$VECTOR_ROM$$Base                  0x00000000   Number         0  anon$$obj.o ABSOLUTE
    __ARM_use_no_argv                        0x00000000   Number         0  main.o ABSOLUTE
    __Vectors                                0x00000000   Data           4  startup_mk64f12.o(RESET)
    Image$$ZI$$Limit                          - Undefined Weak Reference
    __ARM_exceptions_init                     - Undefined Weak Reference
    __alloca_initialize                       - Undefined Weak Reference
    __arm_preinit_                            - Undefined Weak Reference
    __cpp_initialize__aeabi_                  - Undefined Weak Reference
    __cxa_finalize                            - Undefined Weak Reference
    __rt_locale                               - Undefined Weak Reference
    __sigvec_lookup                           - Undefined Weak Reference
    __user_heap_extent                        - Undefined Weak Reference
    _atexit_init                              - Undefined Weak Reference
    _call_atexit_fns                          - Undefined Weak Reference
    _clock_init                               - Undefined Weak Reference
    _fp_trap_init                             - Undefined Weak Reference
    _fp_trap_shutdown                         - Undefined Weak Reference
    _get_lc_collate                           - Undefined Weak Reference
    _get_lc_ctype                             - Undefined Weak Reference
    _get_lc_monetary                          - Undefined Weak Reference
    _get_lc_numeric                           - Undefined Weak Reference
    _get_lc_time                              - Undefined Weak Reference
    _getenv_init                              - Undefined Weak Reference
    _handle_redirection                       - Undefined Weak Reference
    _initio                                   - Undefined Weak Reference
    _mutex_acquire                            - Undefined Weak Reference
    _mutex_free                               - Undefined Weak Reference
    _mutex_release                            - Undefined Weak Reference
    _rand_init                                - Undefined Weak Reference
    _signal_finish                            - Undefined Weak Reference
    _signal_init                              - Undefined Weak Reference
    _terminateio                              - Undefined Weak Reference
    __Vectors_End                            0x00000400   Data           0  startup_mk64f12.o(RESET)
    __Vectors_Size                           0x00000400   Number         0  startup_mk64f12.o ABSOLUTE
    __main                                   0x00000411   Thumb Code     8  __main.o(!!!main)
    __scatterload                            0x00000419   Thumb Code     0  __scatter.o(!!!scatter)
    __scatterload_rt2                        0x00000419   Thumb Code    44  __scatter.o(!!!scatter)
    __scatterload_rt2_thumb_only             0x00000419   Thumb Code     0  __scatter.o(!!!scatter)
    __scatterload_null                       0x00000427   Thumb Code     0  __scatter.o(!!!scatter)
    __scatterload_copy                       0x0000044d   Thumb Code    26  __scatter_copy.o(!!handler_copy)
    __scatterload_zeroinit                   0x00000469   Thumb Code    28  __scatter_zi.o(!!handler_zi)
    __rt_lib_init                            0x00000485   Thumb Code     0  libinit.o(.ARM.Collect$$libinit$$00000000)
    __rt_lib_init_fp_1                       0x00000487   Thumb Code     0  libinit2.o(.ARM.Collect$$libinit$$00000001)
    __rt_lib_init_alloca_1                   0x0000048b   Thumb Code     0  libinit2.o(.ARM.Collect$$libinit$$0000002E)
    __rt_lib_init_argv_1                     0x0000048b   Thumb Code     0  libinit2.o(.ARM.Collect$$libinit$$0000002C)
    __rt_lib_init_atexit_1                   0x0000048b   Thumb Code     0  libinit2.o(.ARM.Collect$$libinit$$0000001B)
    __rt_lib_init_clock_1                    0x0000048b   Thumb Code     0  libinit2.o(.ARM.Collect$$libinit$$00000021)
    __rt_lib_init_cpp_1                      0x0000048b   Thumb Code     0  libinit2.o(.ARM.Collect$$libinit$$00000032)
    __rt_lib_init_exceptions_1               0x0000048b   Thumb Code     0  libinit2.o(.ARM.Collect$$libinit$$00000030)
    __rt_lib_init_fp_trap_1                  0x0000048b   Thumb Code     0  libinit2.o(.ARM.Collect$$libinit$$0000001F)
    __rt_lib_init_getenv_1                   0x0000048b   Thumb Code     0  libinit2.o(.ARM.Collect$$libinit$$00000023)
    __rt_lib_init_heap_1                     0x0000048b   Thumb Code     0  libinit2.o(.ARM.Collect$$libinit$$0000000A)
    __rt_lib_init_lc_collate_1               0x0000048b   Thumb Code     0  libinit2.o(.ARM.Collect$$libinit$$00000011)
    __rt_lib_init_lc_ctype_1                 0x0000048b   Thumb Code     0  libinit2.o(.ARM.Collect$$libinit$$00000013)
    __rt_lib_init_lc_monetary_1              0x0000048b   Thumb Code     0  libinit2.o(.ARM.Collect$$libinit$$00000015)
    __rt_lib_init_lc_numeric_1               0x0000048b   Thumb Code     0  libinit2.o(.ARM.Collect$$libinit$$00000017)
    __rt_lib_init_lc_time_1                  0x0000048b   Thumb Code     0  libinit2.o(.ARM.Collect$$libinit$$00000019)
    __rt_lib_init_preinit_1                  0x0000048b   Thumb Code     0  libinit2.o(.ARM.Collect$$libinit$$00000004)
    __rt_lib_init_rand_1                     0x0000048b   Thumb Code     0  libinit2.o(.ARM.Collect$$libinit$$0000000E)
    __rt_lib_init_return                     0x0000048b   Thumb Code     0  libinit2.o(.ARM.Collect$$libinit$$00000033)
    __rt_lib_init_signal_1                   0x0000048b   Thumb Code     0  libinit2.o(.ARM.Collect$$libinit$$0000001D)
    __rt_lib_init_stdio_1                    0x0000048b   Thumb Code     0  libinit2.o(.ARM.Collect$$libinit$$00000025)
    __rt_lib_init_user_alloc_1               0x0000048b   Thumb Code     0  libinit2.o(.ARM.Collect$$libinit$$0000000C)
    __rt_lib_shutdown                        0x0000048d   Thumb Code     0  libshutdown.o(.ARM.Collect$$libshutdown$$00000000)
    __rt_lib_shutdown_cpp_1                  0x0000048f   Thumb Code     0  libshutdown2.o(.ARM.Collect$$libshutdown$$00000002)
    __rt_lib_shutdown_fp_trap_1              0x0000048f   Thumb Code     0  libshutdown2.o(.ARM.Collect$$libshutdown$$00000007)
    __rt_lib_shutdown_heap_1                 0x0000048f   Thumb Code     0  libshutdown2.o(.ARM.Collect$$libshutdown$$0000000F)
    __rt_lib_shutdown_return                 0x0000048f   Thumb Code     0  libshutdown2.o(.ARM.Collect$$libshutdown$$00000010)
    __rt_lib_shutdown_signal_1               0x0000048f   Thumb Code     0  libshutdown2.o(.ARM.Collect$$libshutdown$$0000000A)
    __rt_lib_shutdown_stdio_1                0x0000048f   Thumb Code     0  libshutdown2.o(.ARM.Collect$$libshutdown$$00000004)
    __rt_lib_shutdown_user_alloc_1           0x0000048f   Thumb Code     0  libshutdown2.o(.ARM.Collect$$libshutdown$$0000000C)
    __rt_entry                               0x00000491   Thumb Code     0  __rtentry.o(.ARM.Collect$$rtentry$$00000000)
    __rt_entry_presh_1                       0x00000491   Thumb Code     0  __rtentry2.o(.ARM.Collect$$rtentry$$00000002)
    __rt_entry_sh                            0x00000491   Thumb Code     0  __rtentry7.o(.ARM.Collect$$rtentry$$00000007)
    __rt_entry_li                            0x00000495   Thumb Code     0  __rtentry2.o(.ARM.Collect$$rtentry$$0000000A)
    __rt_entry_postsh_1                      0x00000495   Thumb Code     0  __rtentry2.o(.ARM.Collect$$rtentry$$00000009)
    __rt_entry_main                          0x00000499   Thumb Code     0  __rtentry2.o(.ARM.Collect$$rtentry$$0000000D)
    __rt_entry_postli_1                      0x00000499   Thumb Code     0  __rtentry2.o(.ARM.Collect$$rtentry$$0000000C)
    __rt_exit                                0x000004a5   Thumb Code     0  rtexit.o(.ARM.Collect$$rtexit$$00000000)
    __rt_exit_ls                             0x000004a7   Thumb Code     0  rtexit2.o(.ARM.Collect$$rtexit$$00000003)
    __rt_exit_prels_1                        0x000004a7   Thumb Code     0  rtexit2.o(.ARM.Collect$$rtexit$$00000002)
    __rt_exit_exit                           0x000004ab   Thumb Code     0  rtexit2.o(.ARM.Collect$$rtexit$$00000004)
    Reset_Handler                            0x000004b1   Thumb Code    18  startup_mk64f12.o(.text)
    NMI_Handler                              0x000004c3   Thumb Code     2  startup_mk64f12.o(.text)
    HardFault_Handler                        0x000004c5   Thumb Code     2  startup_mk64f12.o(.text)
    MemManage_Handler                        0x000004c7   Thumb Code     2  startup_mk64f12.o(.text)
    BusFault_Handler                         0x000004c9   Thumb Code     2  startup_mk64f12.o(.text)
    UsageFault_Handler                       0x000004cb   Thumb Code     2  startup_mk64f12.o(.text)
    SVC_Handler                              0x000004cd   Thumb Code     2  startup_mk64f12.o(.text)
    DebugMon_Handler                         0x000004cf   Thumb Code     2  startup_mk64f12.o(.text)
    PendSV_Handler                           0x000004d1   Thumb Code     2  startup_mk64f12.o(.text)
    SysTick_Handler                          0x000004d3   Thumb Code     2  startup_mk64f12.o(.text)
    ADC0_IRQHandler                          0x000004d5   Thumb Code     0  startup_mk64f12.o(.text)
    ADC1_IRQHandler                          0x000004d5   Thumb Code     0  startup_mk64f12.o(.text)
    CAN0_Bus_Off_IRQHandler                  0x000004d5   Thumb Code     0  startup_mk64f12.o(.text)
    CAN0_Error_IRQHandler                    0x000004d5   Thumb Code     0  startup_mk64f12.o(.text)
    CAN0_ORed_Message_buffer_IRQHandler      0x000004d5   Thumb Code     0  startup_mk64f12.o(.text)
    CAN0_Rx_Warning_IRQHandler               0x000004d5   Thumb Code     0  startup_mk64f12.o(.text)
    CAN0_Tx_Warning_IRQHandler               0x000004d5   Thumb Code     0  startup_mk64f12.o(.text)
    CAN0_Wake_Up_IRQHandler                  0x000004d5   Thumb Code     0  startup_mk64f12.o(.text)
    CMP0_IRQHandler                          0x000004d5   Thumb Code     0  startup_mk64f12.o(.text)
    CMP1_IRQHandler                          0x000004d5   Thumb Code     0  startup_mk64f12.o(.text)
    CMP2_IRQHandler                          0x000004d5   Thumb Code     0  startup_mk64f12.o(.text)
    CMT_IRQHandler                           0x000004d5   Thumb Code     0  startup_mk64f12.o(.text)
    DAC0_IRQHandler                          0x000004d5   Thumb Code     0  startup_mk64f12.o(.text)
    DAC1_IRQHandler                          0x000004d5   Thumb Code     0  startup_mk64f12.o(.text)
    DMA_Error_IRQHandler                     0x000004d5   Thumb Code     0  startup_mk64f12.o(.text)
    DefaultISR                               0x000004d5   Thumb Code     0  startup_mk64f12.o(.text)
    ENET_1588_Timer_IRQHandler               0x000004d5   Thumb Code     0  startup_mk64f12.o(.text)
    ENET_Error_IRQHandler                    0x000004d5   Thumb Code     0  startup_mk64f12.o(.text)
    ENET_Receive_IRQHandler                  0x000004d5   Thumb Code     0  startup_mk64f12.o(.text)
    ENET_Transmit_IRQHandler                 0x000004d5   Thumb Code     0  startup_mk64f12.o(.text)
    FTFE_IRQHandler                          0x000004d5   Thumb Code     0  startup_mk64f12.o(.text)
    FTM0_IRQHandler                          0x000004d5   Thumb Code     0  startup_mk64f12.o(.text)
    FTM1_IRQHandler                          0x000004d5   Thumb Code     0  startup_mk64f12.o(.text)
    FTM2_IRQHandler                          0x000004d5   Thumb Code     0  startup_mk64f12.o(.text)
    FTM3_IRQHandler                          0x000004d5   Thumb Code     0  startup_mk64f12.o(.text)
    I2S0_Rx_IRQHandler                       0x000004d5   Thumb Code     0  startup_mk64f12.o(.text)
    I2S0_Tx_IRQHandler                       0x000004d5   Thumb Code     0  startup_mk64f12.o(.text)
    LLWU_IRQHandler                          0x000004d5   Thumb Code     0  startup_mk64f12.o(.text)
    LPTMR0_IRQHandler                        0x000004d5   Thumb Code     0  startup_mk64f12.o(.text)
    LVD_LVW_IRQHandler                       0x000004d5   Thumb Code     0  startup_mk64f12.o(.text)
    MCG_IRQHandler                           0x000004d5   Thumb Code     0  startup_mk64f12.o(.text)
    MCM_IRQHandler                           0x000004d5   Thumb Code     0  startup_mk64f12.o(.text)
    PDB0_IRQHandler                          0x000004d5   Thumb Code     0  startup_mk64f12.o(.text)
    PIT2_IRQHandler                          0x000004d5   Thumb Code     0  startup_mk64f12.o(.text)
    PIT3_IRQHandler                          0x000004d5   Thumb Code     0  startup_mk64f12.o(.text)
    PORTA_IRQHandler                         0x000004d5   Thumb Code     0  startup_mk64f12.o(.text)
    PORTB_IRQHandler                         0x000004d5   Thumb Code     0  startup_mk64f12.o(.text)
    PORTC_IRQHandler                         0x000004d5   Thumb Code     0  startup_mk64f12.o(.text)
    PORTD_IRQHandler                         0x000004d5   Thumb Code     0  startup_mk64f12.o(.text)
    PORTE_IRQHandler                         0x000004d5   Thumb Code     0  startup_mk64f12.o(.text)
    RNG_IRQHandler                           0x000004d5   Thumb Code     0  startup_mk64f12.o(.text)
    RTC_IRQHandler                           0x000004d5   Thumb Code     0  startup_mk64f12.o(.text)
    RTC_Seconds_IRQHandler                   0x000004d5   Thumb Code     0  startup_mk64f12.o(.text)
    Read_Collision_IRQHandler                0x000004d5   Thumb Code     0  startup_mk64f12.o(.text)
    Reserved71_IRQHandler                    0x000004d5   Thumb Code     0  startup_mk64f12.o(.text)
    SDHC_IRQHandler                          0x000004d5   Thumb Code     0  startup_mk64f12.o(.text)
    SPI0_IRQHandler                          0x000004d5   Thumb Code     0  startup_mk64f12.o(.text)
    SPI1_IRQHandler                          0x000004d5   Thumb Code     0  startup_mk64f12.o(.text)
    SPI2_IRQHandler                          0x000004d5   Thumb Code     0  startup_mk64f12.o(.text)
    SWI_IRQHandler                           0x000004d5   Thumb Code     0  startup_mk64f12.o(.text)
    UART0_ERR_IRQHandler                     0x000004d5   Thumb Code     0  startup_mk64f12.o(.text)
    UART0_LON_IRQHandler                     0x000004d5   Thumb Code     0  startup_mk64f12.o(.text)
    UART0_RX_TX_IRQHandler                   0x000004d5   Thumb Code     0  startup_mk64f12.o(.text)
    UART1_ERR_IRQHandler                     0x000004d5   Thumb Code     0  startup_mk64f12.o(.text)
    UART1_RX_TX_IRQHandler                   0x000004d5   Thumb Code     0  startup_mk64f12.o(.text)
    UART2_ERR_IRQHandler                     0x000004d5   Thumb Code     0  startup_mk64f12.o(.text)
    UART2_RX_TX_IRQHandler                   0x000004d5   Thumb Code     0  startup_mk64f12.o(.text)
    UART3_ERR_IRQHandler                     0x000004d5   Thumb Code     0  startup_mk64f12.o(.text)
    UART3_RX_TX_IRQHandler                   0x000004d5   Thumb Code     0  startup_mk64f12.o(.text)
    UART4_ERR_IRQHandler                     0x000004d5   Thumb Code     0  startup_mk64f12.o(.text)
    UART4_RX_TX_IRQHandler                   0x000004d5   Thumb Code     0  startup_mk64f12.o(.text)
    UART5_ERR_IRQHandler                     0x000004d5   Thumb Code     0  startup_mk64f12.o(.text)
    UART5_RX_TX_IRQHandler                   0x000004d5   Thumb Code     0  startup_mk64f12.o(.text)
    USB0_IRQHandler                          0x000004d5   Thumb Code     0  startup_mk64f12.o(.text)
    USBDCD_IRQHandler                        0x000004d5   Thumb Code     0  startup_mk64f12.o(.text)
    WDOG_EWM_IRQHandler                      0x000004d5   Thumb Code     0  startup_mk64f12.o(.text)
    __aeabi_assert                           0x000004e9   Thumb Code    86  assert.o(.text)
    __assert                                 0x000004e9   Thumb Code     0  assert.o(.text)
    strlen                                   0x00000569   Thumb Code    62  strlen.o(.text)
    __aeabi_memcpy4                          0x000005a7   Thumb Code     0  rt_memcpy_w.o(.text)
    __aeabi_memcpy8                          0x000005a7   Thumb Code     0  rt_memcpy_w.o(.text)
    __rt_memcpy_w                            0x000005a7   Thumb Code   100  rt_memcpy_w.o(.text)
    _memcpy_lastbytes_aligned                0x000005ef   Thumb Code     0  rt_memcpy_w.o(.text)
    __aeabi_memclr4                          0x0000060b   Thumb Code     0  rt_memclr_w.o(.text)
    __aeabi_memclr8                          0x0000060b   Thumb Code     0  rt_memclr_w.o(.text)
    __rt_memclr_w                            0x0000060b   Thumb Code    78  rt_memclr_w.o(.text)
    _memset_w                                0x0000060f   Thumb Code     0  rt_memclr_w.o(.text)
    abort                                    0x00000659   Thumb Code    22  abort.o(.text)
    __assert_puts                            0x0000066f   Thumb Code    20  assert_puts.o(.text)
    _ttywrch                                 0x00000683   Thumb Code    14  sys_wrch.o(.text)
    _sys_exit                                0x00000691   Thumb Code     8  sys_exit.o(.text)
    __rt_SIGABRT                             0x0000069d   Thumb Code    14  defsig_abrt_outer.o(.text)
    __I$use$semihosting                      0x000006ab   Thumb Code     0  use_no_semi.o(.text)
    __use_no_semihosting_swi                 0x000006ab   Thumb Code     2  use_no_semi.o(.text)
    __semihosting_library_function           0x000006ad   Thumb Code     0  indicate_semi.o(.text)
    exit                                     0x000006ad   Thumb Code    18  exit.o(.text)
    __sig_exit                               0x000006bf   Thumb Code    10  defsig_exit.o(.text)
    __rt_SIGABRT_inner                       0x000006c9   Thumb Code    14  defsig_abrt_inner.o(.text)
    __default_signal_display                 0x000006f9   Thumb Code    50  defsig_general.o(.text)
    Accelerometer_GetState                   0x0000072d   Thumb Code   216  fxos8700.o(i.Accelerometer_GetState)
    Accelerometer_Initialize                 0x0000080d   Thumb Code    32  fxos8700.o(i.Accelerometer_Initialize)
    BOARD_ClockInit                          0x00000831   Thumb Code    72  board.o(i.BOARD_ClockInit)
    BOARD_InitOsc0                           0x00000899   Thumb Code    20  board.o(i.BOARD_InitOsc0)
    BOARD_InitRtcOsc                         0x000008b1   Thumb Code    20  board.o(i.BOARD_InitRtcOsc)
    CLOCK_HAL_EnablePll0InFllMode            0x000008c9   Thumb Code    64  fsl_mcg_hal.o(i.CLOCK_HAL_EnablePll0InFllMode)
    CLOCK_HAL_GetFllClk                      0x0000091d   Thumb Code    82  fsl_mcg_hal.o(i.CLOCK_HAL_GetFllClk)
    CLOCK_HAL_GetFllRefClk                   0x00000971   Thumb Code    72  fsl_mcg_hal.o(i.CLOCK_HAL_GetFllRefClk)
    CLOCK_HAL_GetInternalRefClk              0x000009cd   Thumb Code    52  fsl_mcg_hal.o(i.CLOCK_HAL_GetInternalRefClk)
    CLOCK_HAL_GetMcgMode                     0x00000a37   Thumb Code   150  fsl_mcg_hal_modes.o(i.CLOCK_HAL_GetMcgMode)
    CLOCK_HAL_GetOutClk                      0x00000acd   Thumb Code    78  fsl_mcg_hal.o(i.CLOCK_HAL_GetOutClk)
    CLOCK_HAL_GetPll0Clk                     0x00000b1b   Thumb Code    68  fsl_mcg_hal.o(i.CLOCK_HAL_GetPll0Clk)
    CLOCK_HAL_GetPll0RefFreq                 0x00000b5f   Thumb Code    12  fsl_mcg_hal.o(i.CLOCK_HAL_GetPll0RefFreq)
    CLOCK_HAL_SetFbeMode                     0x00000bcb   Thumb Code   228  fsl_mcg_hal_modes.o(i.CLOCK_HAL_SetFbeMode)
    CLOCK_HAL_SetFbiMode                     0x00000cb1   Thumb Code   170  fsl_mcg_hal_modes.o(i.CLOCK_HAL_SetFbiMode)
    CLOCK_HAL_SetOsc0Mode                    0x00000d7d   Thumb Code    36  fsl_mcg_hal.o(i.CLOCK_HAL_SetOsc0Mode)
    CLOCK_HAL_SetOutDiv                      0x00000da1   Thumb Code    56  fsl_sim_hal_mk64f12.o(i.CLOCK_HAL_SetOutDiv)
    CLOCK_HAL_SetPbeMode                     0x00000dd9   Thumb Code   228  fsl_mcg_hal_modes.o(i.CLOCK_HAL_SetPbeMode)
    CLOCK_HAL_TestFllExternalRefFreq         0x00000ec1   Thumb Code    70  fsl_mcg_hal.o(i.CLOCK_HAL_TestFllExternalRefFreq)
    CLOCK_HAL_TestFllFreq                    0x00000f09   Thumb Code    50  fsl_mcg_hal.o(i.CLOCK_HAL_TestFllFreq)
    CLOCK_HAL_TestOscFreq                    0x00000f41   Thumb Code    38  fsl_mcg_hal.o(i.CLOCK_HAL_TestOscFreq)
    CLOCK_HAL_UpdateFastClkInternalRefDiv    0x00000f75   Thumb Code   104  fsl_mcg_hal.o(i.CLOCK_HAL_UpdateFastClkInternalRefDiv)
    CLOCK_SYS_EnablePortClock                0x00000fdd   Thumb Code    34  fsl_clock_mk64f12.o(i.CLOCK_SYS_EnablePortClock)
    CLOCK_SYS_EnableUartClock                0x00001049   Thumb Code    34  fsl_clock_mk64f12.o(i.CLOCK_SYS_EnableUartClock)
    CLOCK_SYS_GetBusClockFreq                0x000010d5   Thumb Code    26  fsl_clock_mk64f12.o(i.CLOCK_SYS_GetBusClockFreq)
    CLOCK_SYS_GetCoreClockFreq               0x000010f9   Thumb Code    24  fsl_clock_mk64f12.o(i.CLOCK_SYS_GetCoreClockFreq)
    CLOCK_SYS_GetSystemClockFreq             0x00001119   Thumb Code    24  fsl_clock_mk64f12.o(i.CLOCK_SYS_GetSystemClockFreq)
    CLOCK_SYS_GetUartFreq                    0x00001139   Thumb Code    46  fsl_clock_mk64f12.o(i.CLOCK_SYS_GetUartFreq)
    CLOCK_SYS_OscInit                        0x00001169   Thumb Code   160  fsl_clock_manager.o(i.CLOCK_SYS_OscInit)
    CLOCK_SYS_RtcOscInit                     0x00001239   Thumb Code   204  fsl_clock_manager.o(i.CLOCK_SYS_RtcOscInit)
    CLOCK_SYS_SetConfiguration               0x00001335   Thumb Code    72  fsl_clock_mk64f12.o(i.CLOCK_SYS_SetConfiguration)
    CLOCK_SYS_SetMcgMode                     0x0000139d   Thumb Code   340  fsl_clock_manager.o(i.CLOCK_SYS_SetMcgMode)
    CLOCK_SYS_SetOscerConfigration           0x0000153d   Thumb Code    32  fsl_clock_manager.o(i.CLOCK_SYS_SetOscerConfigration)
    DMA0_IRQHandler                          0x000015a1   Thumb Code    10  fsl_edma_irq.o(i.DMA0_IRQHandler)
    DMA10_IRQHandler                         0x000015ab   Thumb Code    10  fsl_edma_irq.o(i.DMA10_IRQHandler)
    DMA11_IRQHandler                         0x000015b5   Thumb Code    10  fsl_edma_irq.o(i.DMA11_IRQHandler)
    DMA12_IRQHandler                         0x000015bf   Thumb Code    10  fsl_edma_irq.o(i.DMA12_IRQHandler)
    DMA13_IRQHandler                         0x000015c9   Thumb Code    10  fsl_edma_irq.o(i.DMA13_IRQHandler)
    DMA14_IRQHandler                         0x000015d3   Thumb Code    10  fsl_edma_irq.o(i.DMA14_IRQHandler)
    DMA15_IRQHandler                         0x000015dd   Thumb Code    10  fsl_edma_irq.o(i.DMA15_IRQHandler)
    DMA1_IRQHandler                          0x000015e7   Thumb Code    10  fsl_edma_irq.o(i.DMA1_IRQHandler)
    DMA2_IRQHandler                          0x000015f1   Thumb Code    10  fsl_edma_irq.o(i.DMA2_IRQHandler)
    DMA3_IRQHandler                          0x000015fb   Thumb Code    10  fsl_edma_irq.o(i.DMA3_IRQHandler)
    DMA4_IRQHandler                          0x00001605   Thumb Code    10  fsl_edma_irq.o(i.DMA4_IRQHandler)
    DMA5_IRQHandler                          0x0000160f   Thumb Code    10  fsl_edma_irq.o(i.DMA5_IRQHandler)
    DMA6_IRQHandler                          0x00001619   Thumb Code    10  fsl_edma_irq.o(i.DMA6_IRQHandler)
    DMA7_IRQHandler                          0x00001623   Thumb Code    10  fsl_edma_irq.o(i.DMA7_IRQHandler)
    DMA8_IRQHandler                          0x0000162d   Thumb Code    10  fsl_edma_irq.o(i.DMA8_IRQHandler)
    DMA9_IRQHandler                          0x00001637   Thumb Code    10  fsl_edma_irq.o(i.DMA9_IRQHandler)
    DbgConsole_Init                          0x00001695   Thumb Code   172  fsl_debug_console.o(i.DbgConsole_Init)
    Default                                  0x00001751   Thumb Code    40  main.o(i.Default)
    EDMA_DRV_IRQHandler                      0x000018b1   Thumb Code    38  fsl_edma_driver.o(i.EDMA_DRV_IRQHandler)
    EDMA_DRV_InstallCallback                 0x000018dd   Thumb Code    10  fsl_edma_driver.o(i.EDMA_DRV_InstallCallback)
    EDMA_DRV_PushDescriptorToReg             0x00001921   Thumb Code    46  fsl_edma_driver.o(i.EDMA_DRV_PushDescriptorToReg)
    EDMA_DRV_RequestChannel                  0x00001955   Thumb Code   160  fsl_edma_driver.o(i.EDMA_DRV_RequestChannel)
    EDMA_DRV_StartChannel                    0x000019f9   Thumb Code    36  fsl_edma_driver.o(i.EDMA_DRV_StartChannel)
    EDMA_HAL_HTCDClearReg                    0x00001a21   Thumb Code   114  fsl_edma_hal.o(i.EDMA_HAL_HTCDClearReg)
    EDMA_HAL_PushSTCDToHTCD                  0x00001a95   Thumb Code   176  fsl_edma_hal.o(i.EDMA_HAL_PushSTCDToHTCD)
    EDMA_HAL_STCDSetAttribute                0x00001b7d   Thumb Code    70  fsl_edma_hal.o(i.EDMA_HAL_STCDSetAttribute)
    EDMA_HAL_STCDSetBasicTransfer            0x00001bfd   Thumb Code   308  fsl_edma_hal.o(i.EDMA_HAL_STCDSetBasicTransfer)
    EDMA_HAL_STCDSetMajorCount               0x00001de1   Thumb Code    66  fsl_edma_hal.o(i.EDMA_HAL_STCDSetMajorCount)
    EDMA_HAL_STCDSetNbytes                   0x00001e31   Thumb Code    66  fsl_edma_hal.o(i.EDMA_HAL_STCDSetNbytes)
    EDMA_HAL_STCDSetScatterGatherLink        0x00001eb1   Thumb Code    80  fsl_edma_hal.o(i.EDMA_HAL_STCDSetScatterGatherLink)
    EDMA_HAL_SetDmaRequestCmd                0x00001f25   Thumb Code    10  fsl_edma_hal.o(i.EDMA_HAL_SetDmaRequestCmd)
    EDMA_HAL_SetErrorIntCmd                  0x00001f2f   Thumb Code    10  fsl_edma_hal.o(i.EDMA_HAL_SetErrorIntCmd)
    GPIO_HAL_SetPinDir                       0x00001f9d   Thumb Code    52  fsl_gpio_hal.o(i.GPIO_HAL_SetPinDir)
    I2C0_IRQHandler                          0x00002049   Thumb Code    10  i2c_mk64f.o(i.I2C0_IRQHandler)
    I2C1_IRQHandler                          0x00002139   Thumb Code    10  i2c_mk64f.o(i.I2C1_IRQHandler)
    I2C2_IRQHandler                          0x00002229   Thumb Code    10  i2c_mk64f.o(i.I2C2_IRQHandler)
    I2C_HAL_Init                             0x0000252b   Thumb Code    30  fsl_i2c_hal.o(i.I2C_HAL_Init)
    I2C_HAL_SendStart                        0x00002581   Thumb Code    36  fsl_i2c_hal.o(i.I2C_HAL_SendStart)
    I2C_HAL_SendStop                         0x000025a5   Thumb Code    74  fsl_i2c_hal.o(i.I2C_HAL_SendStop)
    I2C_HAL_SetAddress10bit                  0x00002611   Thumb Code    34  fsl_i2c_hal.o(i.I2C_HAL_SetAddress10bit)
    I2C_HAL_SetAddress7bit                   0x00002633   Thumb Code    20  fsl_i2c_hal.o(i.I2C_HAL_SetAddress7bit)
    I2C_HAL_SetBaudRate                      0x00002649   Thumb Code   162  fsl_i2c_hal.o(i.I2C_HAL_SetBaudRate)
    Initialize                               0x000031b9   Thumb Code   140  fxos8700.o(i.Initialize)
    LED_Initialize                           0x0000324d   Thumb Code    50  utils.o(i.LED_Initialize)
    Magnetometer_Initialize                  0x00003295   Thumb Code    32  fxos8700.o(i.Magnetometer_Initialize)
    OSC_HAL_SetCapacitor                     0x000032b9   Thumb Code    12  fsl_osc_hal.o(i.OSC_HAL_SetCapacitor)
    PIT0_IRQHandler                          0x000032d9   Thumb Code   336  main.o(i.PIT0_IRQHandler)
    PIT1_IRQHandler                          0x00003471   Thumb Code     8  main.o(i.PIT1_IRQHandler)
    SetUP                                    0x00003681   Thumb Code   124  main.o(i.SetUP)
    SystemCoreClockUpdate                    0x0000370d   Thumb Code   426  system_mk64f12.o(i.SystemCoreClockUpdate)
    SystemInit                               0x000038d1   Thumb Code    34  system_mk64f12.o(i.SystemInit)
    UART_HAL_Getchar                         0x000038fd   Thumb Code    12  fsl_uart_hal.o(i.UART_HAL_Getchar)
    UART_HAL_Putchar                         0x00003909   Thumb Code    10  fsl_uart_hal.o(i.UART_HAL_Putchar)
    UART_HAL_ReceiveDataPolling              0x00003913   Thumb Code    86  fsl_uart_hal.o(i.UART_HAL_ReceiveDataPolling)
    UART_HAL_SendDataPolling                 0x00003969   Thumb Code    46  fsl_uart_hal.o(i.UART_HAL_SendDataPolling)
    UART_HAL_SetBaudRate                     0x00003997   Thumb Code    68  fsl_uart_hal.o(i.UART_HAL_SetBaudRate)
    UART_HAL_SetParityMode                   0x000039db   Thumb Code    28  fsl_uart_hal.o(i.UART_HAL_SetParityMode)
    _doprint                                 0x00003a39   Thumb Code  1380  print_scan.o(i._doprint)
    configure_uart_pins                      0x00003f9d   Thumb Code    62  pin_mux.o(i.configure_uart_pins)
    dbg_uart_init                            0x00003fe5   Thumb Code    22  board.o(i.dbg_uart_init)
    debug_printf                             0x00003ffd   Thumb Code    52  fsl_debug_console.o(i.debug_printf)
    hardware_init                            0x00004095   Thumb Code    30  hardware_init.o(i.hardware_init)
    init_data_bss                            0x000040b5   Thumb Code    54  startup.o(i.init_data_bss)
    integrate_posx                           0x000040fd   Thumb Code   164  integrate.o(i.integrate_posx)
    integrate_posy                           0x000041b5   Thumb Code   164  integrate.o(i.integrate_posy)
    main                                     0x0000426d   Thumb Code    40  main.o(i.main)
    setup_Integral                           0x00004349   Thumb Code    20  integrate.o(i.setup_Integral)
    __aeabi_dadd                             0x0000436d   Thumb Code     0  daddsub_clz.o(x$fpl$dadd)
    _dadd                                    0x0000436d   Thumb Code   332  daddsub_clz.o(x$fpl$dadd)
    __aeabi_d2iz                             0x000044bd   Thumb Code     0  dfix.o(x$fpl$dfix)
    _dfix                                    0x000044bd   Thumb Code    94  dfix.o(x$fpl$dfix)
    __aeabi_i2d                              0x0000451b   Thumb Code     0  dflt_clz.o(x$fpl$dflt)
    _dflt                                    0x0000451b   Thumb Code    46  dflt_clz.o(x$fpl$dflt)
    __aeabi_dmul                             0x00004549   Thumb Code     0  dmul.o(x$fpl$dmul)
    _dmul                                    0x00004549   Thumb Code   332  dmul.o(x$fpl$dmul)
    __fpl_dnaninf                            0x0000469d   Thumb Code   156  dnaninf.o(x$fpl$dnaninf)
    __fpl_dretinf                            0x00004739   Thumb Code    12  dretinf.o(x$fpl$dretinf)
    __aeabi_dsub                             0x00004745   Thumb Code     0  daddsub_clz.o(x$fpl$dsub)
    _dsub                                    0x00004745   Thumb Code   464  daddsub_clz.o(x$fpl$dsub)
    _fp_init                                 0x00004919   Thumb Code    10  fpinit.o(x$fpl$fpinit)
    __fplib_config_fpu_vfp                   0x00004921   Thumb Code     0  fpinit.o(x$fpl$fpinit)
    __fplib_config_pureend_doubles           0x00004921   Thumb Code     0  fpinit.o(x$fpl$fpinit)
    __I$use$fp                               0x00004922   Number         0  usenofp.o(x$fpl$usenofp)
    Driver_I2C0                              0x000049a4   Data          48  i2c_mk64f.o(.constdata)
    Driver_I2C1                              0x000049d4   Data          48  i2c_mk64f.o(.constdata)
    Driver_I2C2                              0x00004a04   Data          48  i2c_mk64f.o(.constdata)
    g_defaultClockConfigVlpr                 0x00004a34   Data          22  board.o(.constdata)
    g_defaultClockConfigRun                  0x00004a4a   Data          22  board.o(.constdata)
    g_edmaBase                               0x00004a7c   Data           4  fsl_edma_common.o(.constdata)
    g_dmamuxBase                             0x00004a80   Data           4  fsl_edma_common.o(.constdata)
    g_edmaIrqId                              0x00004a84   Data          16  fsl_edma_common.o(.constdata)
    g_edmaErrIrqId                           0x00004a94   Data           1  fsl_edma_common.o(.constdata)
    g_rtcBase                                0x00004a98   Data           4  fsl_rtc_common.o(.constdata)
    g_rtcIrqId                               0x00004a9c   Data           1  fsl_rtc_common.o(.constdata)
    g_rtcSecondsIrqId                        0x00004a9d   Data           1  fsl_rtc_common.o(.constdata)
    kI2CDividerTable                         0x00004a9e   Data         200  fsl_i2c_hal.o(.constdata)
    g_simBase                                0x00004bb0   Data           4  fsl_clock_manager_common.o(.constdata)
    g_mcgBase                                0x00004bb4   Data           4  fsl_clock_manager_common.o(.constdata)
    g_oscBase                                0x00004bb8   Data           4  fsl_clock_manager_common.o(.constdata)
    Region$$Table$$Base                      0x00004edc   Number         0  anon$$obj.o(Region$$Table)
    Region$$Table$$Limit                     0x00004efc   Number         0  anon$$obj.o(Region$$Table)
    Image$$RW_m_data$$Base                   0x1fff0000   Number         0  anon$$obj.o ABSOLUTE
    priorx                                   0x20000000   Data           4  main.o(.data)
    priory                                   0x20000004   Data           4  main.o(.data)
    prior_positionx                          0x20000008   Data           4  integrate.o(.data)
    prior_velocityx                          0x2000000c   Data           4  integrate.o(.data)
    prior_positiony                          0x20000010   Data           4  integrate.o(.data)
    prior_velocityy                          0x20000014   Data           4  integrate.o(.data)
    time_step                                0x20000018   Data           8  integrate.o(.data)
    g_edma                                   0x20000024   Data           4  fsl_edma_driver.o(.data)
    g_xtal0ClkFreq                           0x20000028   Data           4  fsl_mcg_hal.o(.data)
    g_xtalRtcClkFreq                         0x2000002c   Data           4  fsl_mcg_hal.o(.data)
    g_fastInternalRefClkFreq                 0x20000030   Data           4  fsl_mcg_hal.o(.data)
    g_slowInternalRefClkFreq                 0x20000034   Data           4  fsl_mcg_hal.o(.data)
    SystemCoreClock                          0x20000038   Data           4  system_mk64f12.o(.data)
    state                                    0x2000003c   Data          12  main.o(.bss)
    mstate                                   0x20000048   Data          12  main.o(.bss)
    prior_state                              0x20000054   Data          12  main.o(.bss)
    offset                                   0x20000060   Data          12  main.o(.bss)
    Image$$ARM_LIB_HEAP$$ZI$$Base            0x200000dc   Number         0  anon$$obj.o ABSOLUTE
    Image$$ARM_LIB_HEAP$$ZI$$Limit           0x200004dc   Number         0  anon$$obj.o ABSOLUTE
    Image$$ARM_LIB_STACK$$ZI$$Limit          0x20030000   Number         0  anon$$obj.o ABSOLUTE



==============================================================================

Memory Map of the image

  Image Entry point : 0x00000411

  Load Region LR_m_text (Base: 0x00000410, Size: 0x00004b28, Max: 0x000ffbf0, ABSOLUTE)

    Execution Region ER_m_text (Exec base: 0x00000410, Load base: 0x00000410, Size: 0x00004aec, Max: 0x000ffbf0, ABSOLUTE)

    Exec Addr    Load Addr    Size         Type   Attr      Idx    E Section Name        Object

    0x00000410   0x00000410   0x00000008   Code   RO         5087  * !!!main             c_w.l(__main.o)
    0x00000418   0x00000418   0x00000034   Code   RO         5342    !!!scatter          c_w.l(__scatter.o)
    0x0000044c   0x0000044c   0x0000001a   Code   RO         5344    !!handler_copy      c_w.l(__scatter_copy.o)
    0x00000466   0x00000466   0x00000002   PAD
    0x00000468   0x00000468   0x0000001c   Code   RO         5346    !!handler_zi        c_w.l(__scatter_zi.o)
    0x00000484   0x00000484   0x00000002   Code   RO         5281    .ARM.Collect$$libinit$$00000000  c_w.l(libinit.o)
    0x00000486   0x00000486   0x00000004   Code   RO         5145    .ARM.Collect$$libinit$$00000001  c_w.l(libinit2.o)
    0x0000048a   0x0000048a   0x00000000   Code   RO         5148    .ARM.Collect$$libinit$$00000004  c_w.l(libinit2.o)
    0x0000048a   0x0000048a   0x00000000   Code   RO         5151    .ARM.Collect$$libinit$$0000000A  c_w.l(libinit2.o)
    0x0000048a   0x0000048a   0x00000000   Code   RO         5153    .ARM.Collect$$libinit$$0000000C  c_w.l(libinit2.o)
    0x0000048a   0x0000048a   0x00000000   Code   RO         5155    .ARM.Collect$$libinit$$0000000E  c_w.l(libinit2.o)
    0x0000048a   0x0000048a   0x00000000   Code   RO         5158    .ARM.Collect$$libinit$$00000011  c_w.l(libinit2.o)
    0x0000048a   0x0000048a   0x00000000   Code   RO         5160    .ARM.Collect$$libinit$$00000013  c_w.l(libinit2.o)
    0x0000048a   0x0000048a   0x00000000   Code   RO         5162    .ARM.Collect$$libinit$$00000015  c_w.l(libinit2.o)
    0x0000048a   0x0000048a   0x00000000   Code   RO         5164    .ARM.Collect$$libinit$$00000017  c_w.l(libinit2.o)
    0x0000048a   0x0000048a   0x00000000   Code   RO         5166    .ARM.Collect$$libinit$$00000019  c_w.l(libinit2.o)
    0x0000048a   0x0000048a   0x00000000   Code   RO         5168    .ARM.Collect$$libinit$$0000001B  c_w.l(libinit2.o)
    0x0000048a   0x0000048a   0x00000000   Code   RO         5170    .ARM.Collect$$libinit$$0000001D  c_w.l(libinit2.o)
    0x0000048a   0x0000048a   0x00000000   Code   RO         5172    .ARM.Collect$$libinit$$0000001F  c_w.l(libinit2.o)
    0x0000048a   0x0000048a   0x00000000   Code   RO         5174    .ARM.Collect$$libinit$$00000021  c_w.l(libinit2.o)
    0x0000048a   0x0000048a   0x00000000   Code   RO         5176    .ARM.Collect$$libinit$$00000023  c_w.l(libinit2.o)
    0x0000048a   0x0000048a   0x00000000   Code   RO         5178    .ARM.Collect$$libinit$$00000025  c_w.l(libinit2.o)
    0x0000048a   0x0000048a   0x00000000   Code   RO         5182    .ARM.Collect$$libinit$$0000002C  c_w.l(libinit2.o)
    0x0000048a   0x0000048a   0x00000000   Code   RO         5184    .ARM.Collect$$libinit$$0000002E  c_w.l(libinit2.o)
    0x0000048a   0x0000048a   0x00000000   Code   RO         5186    .ARM.Collect$$libinit$$00000030  c_w.l(libinit2.o)
    0x0000048a   0x0000048a   0x00000000   Code   RO         5188    .ARM.Collect$$libinit$$00000032  c_w.l(libinit2.o)
    0x0000048a   0x0000048a   0x00000002   Code   RO         5189    .ARM.Collect$$libinit$$00000033  c_w.l(libinit2.o)
    0x0000048c   0x0000048c   0x00000002   Code   RO         5339    .ARM.Collect$$libshutdown$$00000000  c_w.l(libshutdown.o)
    0x0000048e   0x0000048e   0x00000000   Code   RO         5301    .ARM.Collect$$libshutdown$$00000002  c_w.l(libshutdown2.o)
    0x0000048e   0x0000048e   0x00000000   Code   RO         5303    .ARM.Collect$$libshutdown$$00000004  c_w.l(libshutdown2.o)
    0x0000048e   0x0000048e   0x00000000   Code   RO         5306    .ARM.Collect$$libshutdown$$00000007  c_w.l(libshutdown2.o)
    0x0000048e   0x0000048e   0x00000000   Code   RO         5309    .ARM.Collect$$libshutdown$$0000000A  c_w.l(libshutdown2.o)
    0x0000048e   0x0000048e   0x00000000   Code   RO         5311    .ARM.Collect$$libshutdown$$0000000C  c_w.l(libshutdown2.o)
    0x0000048e   0x0000048e   0x00000000   Code   RO         5314    .ARM.Collect$$libshutdown$$0000000F  c_w.l(libshutdown2.o)
    0x0000048e   0x0000048e   0x00000002   Code   RO         5315    .ARM.Collect$$libshutdown$$00000010  c_w.l(libshutdown2.o)
    0x00000490   0x00000490   0x00000000   Code   RO         5109    .ARM.Collect$$rtentry$$00000000  c_w.l(__rtentry.o)
    0x00000490   0x00000490   0x00000000   Code   RO         5205    .ARM.Collect$$rtentry$$00000002  c_w.l(__rtentry2.o)
    0x00000490   0x00000490   0x00000004   Code   RO         5219    .ARM.Collect$$rtentry$$00000007  c_w.l(__rtentry7.o)
    0x00000494   0x00000494   0x00000000   Code   RO         5207    .ARM.Collect$$rtentry$$00000009  c_w.l(__rtentry2.o)
    0x00000494   0x00000494   0x00000004   Code   RO         5208    .ARM.Collect$$rtentry$$0000000A  c_w.l(__rtentry2.o)
    0x00000498   0x00000498   0x00000000   Code   RO         5210    .ARM.Collect$$rtentry$$0000000C  c_w.l(__rtentry2.o)
    0x00000498   0x00000498   0x00000008   Code   RO         5211    .ARM.Collect$$rtentry$$0000000D  c_w.l(__rtentry2.o)
    0x000004a0   0x000004a0   0x00000004   Code   RO         5220    .ARM.Collect$$rtentry$$00002718  c_w.l(__rtentry7.o)
    0x000004a4   0x000004a4   0x00000002   Code   RO         5284    .ARM.Collect$$rtexit$$00000000  c_w.l(rtexit.o)
    0x000004a6   0x000004a6   0x00000000   Code   RO         5317    .ARM.Collect$$rtexit$$00000002  c_w.l(rtexit2.o)
    0x000004a6   0x000004a6   0x00000004   Code   RO         5318    .ARM.Collect$$rtexit$$00000003  c_w.l(rtexit2.o)
    0x000004aa   0x000004aa   0x00000006   Code   RO         5319    .ARM.Collect$$rtexit$$00000004  c_w.l(rtexit2.o)
    0x000004b0   0x000004b0   0x00000038   Code   RO         4969    .text               startup_mk64f12.o
    0x000004e8   0x000004e8   0x00000080   Code   RO         5077    .text               c_w.l(assert.o)
    0x00000568   0x00000568   0x0000003e   Code   RO         5079    .text               c_w.l(strlen.o)
    0x000005a6   0x000005a6   0x00000064   Code   RO         5081    .text               c_w.l(rt_memcpy_w.o)
    0x0000060a   0x0000060a   0x0000004e   Code   RO         5085    .text               c_w.l(rt_memclr_w.o)
    0x00000658   0x00000658   0x00000016   Code   RO         5139    .text               c_w.l(abort.o)
    0x0000066e   0x0000066e   0x00000014   Code   RO         5141    .text               c_w.l(assert_puts.o)
    0x00000682   0x00000682   0x0000000e   Code   RO         5195    .text               c_w.l(sys_wrch.o)
    0x00000690   0x00000690   0x0000000c   Code   RO         5199    .text               c_w.l(sys_exit.o)
    0x0000069c   0x0000069c   0x0000000e   Code   RO         5234    .text               c_w.l(defsig_abrt_outer.o)
    0x000006aa   0x000006aa   0x00000002   Code   RO         5251    .text               c_w.l(use_no_semi.o)
    0x000006ac   0x000006ac   0x00000000   Code   RO         5253    .text               c_w.l(indicate_semi.o)
    0x000006ac   0x000006ac   0x00000012   Code   RO         5260    .text               c_w.l(exit.o)
    0x000006be   0x000006be   0x0000000a   Code   RO         5262    .text               c_w.l(defsig_exit.o)
    0x000006c8   0x000006c8   0x00000030   Code   RO         5264    .text               c_w.l(defsig_abrt_inner.o)
    0x000006f8   0x000006f8   0x00000032   Code   RO         5292    .text               c_w.l(defsig_general.o)
    0x0000072a   0x0000072a   0x00000002   PAD
    0x0000072c   0x0000072c   0x000000e0   Code   RO          273    i.Accelerometer_GetState  fxos8700.o
    0x0000080c   0x0000080c   0x00000024   Code   RO          274    i.Accelerometer_Initialize  fxos8700.o
    0x00000830   0x00000830   0x00000068   Code   RO          788    i.BOARD_ClockInit   board.o
    0x00000898   0x00000898   0x00000018   Code   RO          789    i.BOARD_InitOsc0    board.o
    0x000008b0   0x000008b0   0x00000018   Code   RO          790    i.BOARD_InitRtcOsc  board.o
    0x000008c8   0x000008c8   0x00000040   Code   RO         2152    i.CLOCK_HAL_EnablePll0InFllMode  fsl_mcg_hal.o
    0x00000908   0x00000908   0x0000000a   Code   RO         2298    i.CLOCK_HAL_GetClkOutStat  fsl_mcg_hal_modes.o
    0x00000912   0x00000912   0x0000000a   Code   RO         3552    i.CLOCK_HAL_GetClkOutStat  fsl_clock_manager.o
    0x0000091c   0x0000091c   0x00000052   Code   RO         2156    i.CLOCK_HAL_GetFllClk  fsl_mcg_hal.o
    0x0000096e   0x0000096e   0x00000002   PAD
    0x00000970   0x00000970   0x0000004c   Code   RO         2157    i.CLOCK_HAL_GetFllRefClk  fsl_mcg_hal.o
    0x000009bc   0x000009bc   0x0000000e   Code   RO         2299    i.CLOCK_HAL_GetFllSrc  fsl_mcg_hal_modes.o
    0x000009ca   0x000009ca   0x00000002   PAD
    0x000009cc   0x000009cc   0x0000003c   Code   RO         2158    i.CLOCK_HAL_GetInternalRefClk  fsl_mcg_hal.o
    0x00000a08   0x00000a08   0x0000000e   Code   RO         2159    i.CLOCK_HAL_GetInternalRefClkMode  fsl_mcg_hal.o
    0x00000a16   0x00000a16   0x0000000e   Code   RO         2300    i.CLOCK_HAL_GetInternalRefClkMode  fsl_mcg_hal_modes.o
    0x00000a24   0x00000a24   0x00000012   Code   RO         2160    i.CLOCK_HAL_GetMcgExternalClkFreq  fsl_mcg_hal.o
    0x00000a36   0x00000a36   0x00000096   Code   RO         2301    i.CLOCK_HAL_GetMcgMode  fsl_mcg_hal_modes.o
    0x00000acc   0x00000acc   0x0000004e   Code   RO         2161    i.CLOCK_HAL_GetOutClk  fsl_mcg_hal.o
    0x00000b1a   0x00000b1a   0x00000044   Code   RO         2162    i.CLOCK_HAL_GetPll0Clk  fsl_mcg_hal.o
    0x00000b5e   0x00000b5e   0x0000000c   Code   RO         2163    i.CLOCK_HAL_GetPll0RefFreq  fsl_mcg_hal.o
    0x00000b6a   0x00000b6a   0x00000016   Code   RO         2302    i.CLOCK_HAL_IsOsc0Stable  fsl_mcg_hal_modes.o
    0x00000b80   0x00000b80   0x00000016   Code   RO         2303    i.CLOCK_HAL_IsPllSelected  fsl_mcg_hal_modes.o
    0x00000b96   0x00000b96   0x0000002a   Code   RO         2304    i.CLOCK_HAL_PrepareOsc  fsl_mcg_hal_modes.o
    0x00000bc0   0x00000bc0   0x0000000a   Code   RO         3553    i.CLOCK_HAL_SetClkOutSrc  fsl_clock_manager.o
    0x00000bca   0x00000bca   0x000000e4   Code   RO         2307    i.CLOCK_HAL_SetFbeMode  fsl_mcg_hal_modes.o
    0x00000cae   0x00000cae   0x00000002   PAD
    0x00000cb0   0x00000cb0   0x000000b4   Code   RO         2308    i.CLOCK_HAL_SetFbiMode  fsl_mcg_hal_modes.o
    0x00000d64   0x00000d64   0x0000000c   Code   RO         2164    i.CLOCK_HAL_SetInternalRefClkMode  fsl_mcg_hal.o
    0x00000d70   0x00000d70   0x0000000c   Code   RO         3554    i.CLOCK_HAL_SetLowPowerModeCmd  fsl_clock_manager.o
    0x00000d7c   0x00000d7c   0x00000024   Code   RO         2165    i.CLOCK_HAL_SetOsc0Mode  fsl_mcg_hal.o
    0x00000da0   0x00000da0   0x00000038   Code   RO         2576    i.CLOCK_HAL_SetOutDiv  fsl_sim_hal_mk64f12.o
    0x00000dd8   0x00000dd8   0x000000e8   Code   RO         2311    i.CLOCK_HAL_SetPbeMode  fsl_mcg_hal_modes.o
    0x00000ec0   0x00000ec0   0x00000046   Code   RO         2166    i.CLOCK_HAL_TestFllExternalRefFreq  fsl_mcg_hal.o
    0x00000f06   0x00000f06   0x00000002   PAD
    0x00000f08   0x00000f08   0x00000038   Code   RO         2167    i.CLOCK_HAL_TestFllFreq  fsl_mcg_hal.o
    0x00000f40   0x00000f40   0x00000034   Code   RO         2168    i.CLOCK_HAL_TestOscFreq  fsl_mcg_hal.o
    0x00000f74   0x00000f74   0x00000068   Code   RO         2170    i.CLOCK_HAL_UpdateFastClkInternalRefDiv  fsl_mcg_hal.o
    0x00000fdc   0x00000fdc   0x0000006c   Code   RO         3235    i.CLOCK_SYS_EnablePortClock  fsl_clock_mk64f12.o
    0x00001048   0x00001048   0x0000006c   Code   RO         3237    i.CLOCK_SYS_EnableUartClock  fsl_clock_mk64f12.o
    0x000010b4   0x000010b4   0x0000001e   Code   RO         3238    i.CLOCK_SYS_FllStableDelay  fsl_clock_mk64f12.o
    0x000010d2   0x000010d2   0x00000002   PAD
    0x000010d4   0x000010d4   0x00000024   Code   RO         3240    i.CLOCK_SYS_GetBusClockFreq  fsl_clock_mk64f12.o
    0x000010f8   0x000010f8   0x00000020   Code   RO         3241    i.CLOCK_SYS_GetCoreClockFreq  fsl_clock_mk64f12.o
    0x00001118   0x00001118   0x00000020   Code   RO         3262    i.CLOCK_SYS_GetSystemClockFreq  fsl_clock_mk64f12.o
    0x00001138   0x00001138   0x0000002e   Code   RO         3264    i.CLOCK_SYS_GetUartFreq  fsl_clock_mk64f12.o
    0x00001166   0x00001166   0x00000002   PAD
    0x00001168   0x00001168   0x000000d0   Code   RO         3559    i.CLOCK_SYS_OscInit  fsl_clock_manager.o
    0x00001238   0x00001238   0x000000fc   Code   RO         3561    i.CLOCK_SYS_RtcOscInit  fsl_clock_manager.o
    0x00001334   0x00001334   0x00000068   Code   RO         3268    i.CLOCK_SYS_SetConfiguration  fsl_clock_mk64f12.o
    0x0000139c   0x0000139c   0x00000158   Code   RO         3562    i.CLOCK_SYS_SetMcgMode  fsl_clock_manager.o
    0x000014f4   0x000014f4   0x00000048   Code   RO         3563    i.CLOCK_SYS_SetMcgPeeToFbe  fsl_clock_manager.o
    0x0000153c   0x0000153c   0x00000024   Code   RO         3564    i.CLOCK_SYS_SetOscerConfigration  fsl_clock_manager.o
    0x00001560   0x00001560   0x00000040   Code   RO         3269    i.CLOCK_SYS_SetSimConfigration  fsl_clock_mk64f12.o
    0x000015a0   0x000015a0   0x0000000a   Code   RO         1243    i.DMA0_IRQHandler   fsl_edma_irq.o
    0x000015aa   0x000015aa   0x0000000a   Code   RO         1244    i.DMA10_IRQHandler  fsl_edma_irq.o
    0x000015b4   0x000015b4   0x0000000a   Code   RO         1245    i.DMA11_IRQHandler  fsl_edma_irq.o
    0x000015be   0x000015be   0x0000000a   Code   RO         1246    i.DMA12_IRQHandler  fsl_edma_irq.o
    0x000015c8   0x000015c8   0x0000000a   Code   RO         1247    i.DMA13_IRQHandler  fsl_edma_irq.o
    0x000015d2   0x000015d2   0x0000000a   Code   RO         1248    i.DMA14_IRQHandler  fsl_edma_irq.o
    0x000015dc   0x000015dc   0x0000000a   Code   RO         1249    i.DMA15_IRQHandler  fsl_edma_irq.o
    0x000015e6   0x000015e6   0x0000000a   Code   RO         1250    i.DMA1_IRQHandler   fsl_edma_irq.o
    0x000015f0   0x000015f0   0x0000000a   Code   RO         1251    i.DMA2_IRQHandler   fsl_edma_irq.o
    0x000015fa   0x000015fa   0x0000000a   Code   RO         1252    i.DMA3_IRQHandler   fsl_edma_irq.o
    0x00001604   0x00001604   0x0000000a   Code   RO         1253    i.DMA4_IRQHandler   fsl_edma_irq.o
    0x0000160e   0x0000160e   0x0000000a   Code   RO         1254    i.DMA5_IRQHandler   fsl_edma_irq.o
    0x00001618   0x00001618   0x0000000a   Code   RO         1255    i.DMA6_IRQHandler   fsl_edma_irq.o
    0x00001622   0x00001622   0x0000000a   Code   RO         1256    i.DMA7_IRQHandler   fsl_edma_irq.o
    0x0000162c   0x0000162c   0x0000000a   Code   RO         1257    i.DMA8_IRQHandler   fsl_edma_irq.o
    0x00001636   0x00001636   0x0000000a   Code   RO         1258    i.DMA9_IRQHandler   fsl_edma_irq.o
    0x00001640   0x00001640   0x00000054   Code   RO         1077    i.DMAMUX_HAL_SetChannelCmd  fsl_edma_driver.o
    0x00001694   0x00001694   0x000000bc   Code   RO         3756    i.DbgConsole_Init   fsl_debug_console.o
    0x00001750   0x00001750   0x00000038   Code   RO            7    i.Default           main.o
    0x00001788   0x00001788   0x000000f4   Code   RO         1078    i.EDMA_DRV_ClaimChannel  fsl_edma_driver.o
    0x0000187c   0x0000187c   0x00000034   Code   RO         1079    i.EDMA_DRV_ClearIntStatus  fsl_edma_driver.o
    0x000018b0   0x000018b0   0x0000002c   Code   RO         1084    i.EDMA_DRV_IRQHandler  fsl_edma_driver.o
    0x000018dc   0x000018dc   0x0000000a   Code   RO         1086    i.EDMA_DRV_InstallCallback  fsl_edma_driver.o
    0x000018e6   0x000018e6   0x00000002   PAD
    0x000018e8   0x000018e8   0x00000038   Code   RO          349    i.EDMA_DRV_PrepareDescriptorTransfer  i2c_mk64f.o
    0x00001920   0x00001920   0x00000034   Code   RO         1089    i.EDMA_DRV_PushDescriptorToReg  fsl_edma_driver.o
    0x00001954   0x00001954   0x000000a4   Code   RO         1091    i.EDMA_DRV_RequestChannel  fsl_edma_driver.o
    0x000019f8   0x000019f8   0x00000028   Code   RO         1092    i.EDMA_DRV_StartChannel  fsl_edma_driver.o
    0x00001a20   0x00001a20   0x00000072   Code   RO         1754    i.EDMA_HAL_HTCDClearReg  fsl_edma_hal.o
    0x00001a92   0x00001a92   0x00000002   PAD
    0x00001a94   0x00001a94   0x000000e8   Code   RO         1767    i.EDMA_HAL_PushSTCDToHTCD  fsl_edma_hal.o
    0x00001b7c   0x00001b7c   0x00000054   Code   RO         1768    i.EDMA_HAL_STCDSetAttribute  fsl_edma_hal.o
    0x00001bd0   0x00001bd0   0x0000002c   Code   RO          350    i.EDMA_HAL_STCDSetBandwidth  i2c_mk64f.o
    0x00001bfc   0x00001bfc   0x00000148   Code   RO         1769    i.EDMA_HAL_STCDSetBasicTransfer  fsl_edma_hal.o
    0x00001d44   0x00001d44   0x0000003c   Code   RO          351    i.EDMA_HAL_STCDSetChannelMajorLink  i2c_mk64f.o
    0x00001d80   0x00001d80   0x00000030   Code   RO          352    i.EDMA_HAL_STCDSetDisableDmaRequestAfterTCDDoneCmd  i2c_mk64f.o
    0x00001db0   0x00001db0   0x00000030   Code   RO          353    i.EDMA_HAL_STCDSetHalfCompleteIntCmd  i2c_mk64f.o
    0x00001de0   0x00001de0   0x00000050   Code   RO         1771    i.EDMA_HAL_STCDSetMajorCount  fsl_edma_hal.o
    0x00001e30   0x00001e30   0x00000050   Code   RO         1773    i.EDMA_HAL_STCDSetNbytes  fsl_edma_hal.o
    0x00001e80   0x00001e80   0x00000030   Code   RO          354    i.EDMA_HAL_STCDSetScatterGatherCmd  i2c_mk64f.o
    0x00001eb0   0x00001eb0   0x00000074   Code   RO         1774    i.EDMA_HAL_STCDSetScatterGatherLink  fsl_edma_hal.o
    0x00001f24   0x00001f24   0x0000000a   Code   RO         1775    i.EDMA_HAL_SetDmaRequestCmd  fsl_edma_hal.o
    0x00001f2e   0x00001f2e   0x0000000a   Code   RO         1776    i.EDMA_HAL_SetErrorIntCmd  fsl_edma_hal.o
    0x00001f38   0x00001f38   0x00000030   Code   RO          355    i.GPIO_HAL_ClearPinOutput  i2c_mk64f.o
    0x00001f68   0x00001f68   0x00000034   Code   RO          356    i.GPIO_HAL_ReadPinInput  i2c_mk64f.o
    0x00001f9c   0x00001f9c   0x00000044   Code   RO         1929    i.GPIO_HAL_SetPinDir  fsl_gpio_hal.o
    0x00001fe0   0x00001fe0   0x00000030   Code   RO          357    i.GPIO_HAL_SetPinOutput  i2c_mk64f.o
    0x00002010   0x00002010   0x00000018   Code   RO          358    i.I2C0_Control      i2c_mk64f.o
    0x00002028   0x00002028   0x00000010   Code   RO          359    i.I2C0_GetDataCount  i2c_mk64f.o
    0x00002038   0x00002038   0x00000010   Code   RO          360    i.I2C0_GetStatus    i2c_mk64f.o
    0x00002048   0x00002048   0x00000010   Code   RO          361    i.I2C0_IRQHandler   i2c_mk64f.o
    0x00002058   0x00002058   0x00000014   Code   RO          362    i.I2C0_Initialize   i2c_mk64f.o
    0x0000206c   0x0000206c   0x00000020   Code   RO          363    i.I2C0_MasterReceive  i2c_mk64f.o
    0x0000208c   0x0000208c   0x00000020   Code   RO          364    i.I2C0_MasterTransmit  i2c_mk64f.o
    0x000020ac   0x000020ac   0x00000014   Code   RO          365    i.I2C0_PowerControl  i2c_mk64f.o
    0x000020c0   0x000020c0   0x00000018   Code   RO          366    i.I2C0_SlaveReceive  i2c_mk64f.o
    0x000020d8   0x000020d8   0x00000018   Code   RO          367    i.I2C0_SlaveTransmit  i2c_mk64f.o
    0x000020f0   0x000020f0   0x00000010   Code   RO          368    i.I2C0_Uninitialize  i2c_mk64f.o
    0x00002100   0x00002100   0x00000018   Code   RO          369    i.I2C1_Control      i2c_mk64f.o
    0x00002118   0x00002118   0x00000010   Code   RO          370    i.I2C1_GetDataCount  i2c_mk64f.o
    0x00002128   0x00002128   0x00000010   Code   RO          371    i.I2C1_GetStatus    i2c_mk64f.o
    0x00002138   0x00002138   0x00000010   Code   RO          372    i.I2C1_IRQHandler   i2c_mk64f.o
    0x00002148   0x00002148   0x00000014   Code   RO          373    i.I2C1_Initialize   i2c_mk64f.o
    0x0000215c   0x0000215c   0x00000020   Code   RO          374    i.I2C1_MasterReceive  i2c_mk64f.o
    0x0000217c   0x0000217c   0x00000020   Code   RO          375    i.I2C1_MasterTransmit  i2c_mk64f.o
    0x0000219c   0x0000219c   0x00000014   Code   RO          376    i.I2C1_PowerControl  i2c_mk64f.o
    0x000021b0   0x000021b0   0x00000018   Code   RO          377    i.I2C1_SlaveReceive  i2c_mk64f.o
    0x000021c8   0x000021c8   0x00000018   Code   RO          378    i.I2C1_SlaveTransmit  i2c_mk64f.o
    0x000021e0   0x000021e0   0x00000010   Code   RO          379    i.I2C1_Uninitialize  i2c_mk64f.o
    0x000021f0   0x000021f0   0x00000018   Code   RO          380    i.I2C2_Control      i2c_mk64f.o
    0x00002208   0x00002208   0x00000010   Code   RO          381    i.I2C2_GetDataCount  i2c_mk64f.o
    0x00002218   0x00002218   0x00000010   Code   RO          382    i.I2C2_GetStatus    i2c_mk64f.o
    0x00002228   0x00002228   0x00000010   Code   RO          383    i.I2C2_IRQHandler   i2c_mk64f.o
    0x00002238   0x00002238   0x00000014   Code   RO          384    i.I2C2_Initialize   i2c_mk64f.o
    0x0000224c   0x0000224c   0x00000020   Code   RO          385    i.I2C2_MasterReceive  i2c_mk64f.o
    0x0000226c   0x0000226c   0x00000020   Code   RO          386    i.I2C2_MasterTransmit  i2c_mk64f.o
    0x0000228c   0x0000228c   0x00000014   Code   RO          387    i.I2C2_PowerControl  i2c_mk64f.o
    0x000022a0   0x000022a0   0x00000018   Code   RO          388    i.I2C2_SlaveReceive  i2c_mk64f.o
    0x000022b8   0x000022b8   0x00000018   Code   RO          389    i.I2C2_SlaveTransmit  i2c_mk64f.o
    0x000022d0   0x000022d0   0x00000010   Code   RO          390    i.I2C2_Uninitialize  i2c_mk64f.o
    0x000022e0   0x000022e0   0x0000000c   Code   RO          391    i.I2CX_GetCapabilities  i2c_mk64f.o
    0x000022ec   0x000022ec   0x00000010   Code   RO          392    i.I2CX_GetVersion   i2c_mk64f.o
    0x000022fc   0x000022fc   0x000001f4   Code   RO          393    i.I2C_Control       i2c_mk64f.o
    0x000024f0   0x000024f0   0x00000014   Code   RO          394    i.I2C_GetDataCount  i2c_mk64f.o
    0x00002504   0x00002504   0x00000008   Code   RO          395    i.I2C_GetStatus     i2c_mk64f.o
    0x0000250c   0x0000250c   0x00000006   Code   RO          396    i.I2C_HAL_ClearInt  i2c_mk64f.o
    0x00002512   0x00002512   0x0000000c   Code   RO          397    i.I2C_HAL_GetStatusFlag  i2c_mk64f.o
    0x0000251e   0x0000251e   0x0000000c   Code   RO         1963    i.I2C_HAL_GetStatusFlag  fsl_i2c_hal.o
    0x0000252a   0x0000252a   0x0000001e   Code   RO         1964    i.I2C_HAL_Init      fsl_i2c_hal.o
    0x00002548   0x00002548   0x00000016   Code   RO          398    i.I2C_HAL_IsMaster  i2c_mk64f.o
    0x0000255e   0x0000255e   0x00000006   Code   RO          399    i.I2C_HAL_ReadByte  i2c_mk64f.o
    0x00002564   0x00002564   0x0000000e   Code   RO          400    i.I2C_HAL_SendAck   i2c_mk64f.o
    0x00002572   0x00002572   0x0000000e   Code   RO          401    i.I2C_HAL_SendNak   i2c_mk64f.o
    0x00002580   0x00002580   0x00000024   Code   RO         1972    i.I2C_HAL_SendStart  fsl_i2c_hal.o
    0x000025a4   0x000025a4   0x0000006c   Code   RO         1973    i.I2C_HAL_SendStop  fsl_i2c_hal.o
    0x00002610   0x00002610   0x00000022   Code   RO         1974    i.I2C_HAL_SetAddress10bit  fsl_i2c_hal.o
    0x00002632   0x00002632   0x00000014   Code   RO         1975    i.I2C_HAL_SetAddress7bit  fsl_i2c_hal.o
    0x00002646   0x00002646   0x00000002   PAD
    0x00002648   0x00002648   0x000000a8   Code   RO         1976    i.I2C_HAL_SetBaudRate  fsl_i2c_hal.o
    0x000026f0   0x000026f0   0x0000000c   Code   RO          402    i.I2C_HAL_SetDirMode  i2c_mk64f.o
    0x000026fc   0x000026fc   0x0000000c   Code   RO          403    i.I2C_HAL_SetDmaCmd  i2c_mk64f.o
    0x00002708   0x00002708   0x0000000c   Code   RO          404    i.I2C_HAL_SetIntCmd  i2c_mk64f.o
    0x00002714   0x00002714   0x00000004   Code   RO          405    i.I2C_HAL_WriteByte  i2c_mk64f.o
    0x00002718   0x00002718   0x000000f8   Code   RO          406    i.I2C_Initialize    i2c_mk64f.o
    0x00002810   0x00002810   0x0000013e   Code   RO          407    i.I2C_MasterReceive  i2c_mk64f.o
    0x0000294e   0x0000294e   0x0000013e   Code   RO          408    i.I2C_MasterTransmit  i2c_mk64f.o
    0x00002a8c   0x00002a8c   0x0000018c   Code   RO          409    i.I2C_PowerControl  i2c_mk64f.o
    0x00002c18   0x00002c18   0x00000050   Code   RO          410    i.I2C_SlaveReceive  i2c_mk64f.o
    0x00002c68   0x00002c68   0x00000050   Code   RO          411    i.I2C_SlaveTransmit  i2c_mk64f.o
    0x00002cb8   0x00002cb8   0x0000000a   Code   RO          412    i.I2C_Uninitialize  i2c_mk64f.o
    0x00002cc2   0x00002cc2   0x00000002   PAD
    0x00002cc4   0x00002cc4   0x00000060   Code   RO          413    i.I2Cx_DMA_Callback  i2c_mk64f.o
    0x00002d24   0x00002d24   0x00000492   Code   RO          414    i.I2Cx_IRQHandler   i2c_mk64f.o
    0x000031b6   0x000031b6   0x00000002   PAD
    0x000031b8   0x000031b8   0x00000094   Code   RO          276    i.Initialize        fxos8700.o
    0x0000324c   0x0000324c   0x00000048   Code   RO          166    i.LED_Initialize    utils.o
    0x00003294   0x00003294   0x00000024   Code   RO          278    i.Magnetometer_Initialize  fxos8700.o
    0x000032b8   0x000032b8   0x0000000c   Code   RO         2404    i.OSC_HAL_SetCapacitor  fsl_osc_hal.o
    0x000032c4   0x000032c4   0x0000000a   Code   RO         3566    i.OSC_HAL_SetExternalRefClkCmd  fsl_clock_manager.o
    0x000032ce   0x000032ce   0x0000000a   Code   RO         3567    i.OSC_HAL_SetExternalRefClkInStopModeCmd  fsl_clock_manager.o
    0x000032d8   0x000032d8   0x00000198   Code   RO            8    i.PIT0_IRQHandler   main.o
    0x00003470   0x00003470   0x0000000c   Code   RO            9    i.PIT1_IRQHandler   main.o
    0x0000347c   0x0000347c   0x00000044   Code   RO          415    i.PORT_HAL_SetMuxMode  i2c_mk64f.o
    0x000034c0   0x000034c0   0x00000044   Code   RO          888    i.PORT_HAL_SetMuxMode  pin_mux.o
    0x00003504   0x00003504   0x00000038   Code   RO          416    i.PORT_HAL_SetOpenDrainCmd  i2c_mk64f.o
    0x0000353c   0x0000353c   0x00000058   Code   RO          417    i.PTx_Base          i2c_mk64f.o
    0x00003594   0x00003594   0x0000000e   Code   RO         3568    i.RTC_HAL_SetOscillatorCmd  fsl_clock_manager.o
    0x000035a2   0x000035a2   0x00000002   PAD
    0x000035a4   0x000035a4   0x00000070   Code   RO          280    i.Register_Read     fxos8700.o
    0x00003614   0x00003614   0x00000048   Code   RO          281    i.Register_Write    fxos8700.o
    0x0000365c   0x0000365c   0x00000022   Code   RO         3271    i.SIM_HAL_EnableClock  fsl_clock_mk64f12.o
    0x0000367e   0x0000367e   0x00000002   PAD
    0x00003680   0x00003680   0x0000008c   Code   RO           10    i.SetUP             main.o
    0x0000370c   0x0000370c   0x000001c4   Code   RO         4976    i.SystemCoreClockUpdate  system_mk64f12.o
    0x000038d0   0x000038d0   0x0000002c   Code   RO         4977    i.SystemInit        system_mk64f12.o
    0x000038fc   0x000038fc   0x0000000c   Code   RO         2740    i.UART_HAL_Getchar  fsl_uart_hal.o
    0x00003908   0x00003908   0x0000000a   Code   RO         2744    i.UART_HAL_Putchar  fsl_uart_hal.o
    0x00003912   0x00003912   0x00000056   Code   RO         2746    i.UART_HAL_ReceiveDataPolling  fsl_uart_hal.o
    0x00003968   0x00003968   0x0000002e   Code   RO         2750    i.UART_HAL_SendDataPolling  fsl_uart_hal.o
    0x00003996   0x00003996   0x00000044   Code   RO         2751    i.UART_HAL_SetBaudRate  fsl_uart_hal.o
    0x000039da   0x000039da   0x0000001c   Code   RO         2758    i.UART_HAL_SetParityMode  fsl_uart_hal.o
    0x000039f6   0x000039f6   0x0000001a   Code   RO           11    i.__NVIC_EnableIRQ  main.o
    0x00003a10   0x00003a10   0x00000028   Code   RO           12    i.__NVIC_SetPriority  main.o
    0x00003a38   0x00003a38   0x00000564   Code   RO         3848    i._doprint          print_scan.o
    0x00003f9c   0x00003f9c   0x00000048   Code   RO          907    i.configure_uart_pins  pin_mux.o
    0x00003fe4   0x00003fe4   0x00000016   Code   RO          791    i.dbg_uart_init     board.o
    0x00003ffa   0x00003ffa   0x00000002   PAD
    0x00003ffc   0x00003ffc   0x0000003c   Code   RO         3758    i.debug_printf      fsl_debug_console.o
    0x00004038   0x00004038   0x0000002c   Code   RO         3759    i.debug_putc        fsl_debug_console.o
    0x00004064   0x00004064   0x00000030   Code   RO         3850    i.fput_pad          print_scan.o
    0x00004094   0x00004094   0x0000001e   Code   RO         4946    i.hardware_init     hardware_init.o
    0x000040b2   0x000040b2   0x00000002   PAD
    0x000040b4   0x000040b4   0x00000048   Code   RO         1028    i.init_data_bss     startup.o
    0x000040fc   0x000040fc   0x000000b8   Code   RO          246    i.integrate_posx    integrate.o
    0x000041b4   0x000041b4   0x000000b8   Code   RO          247    i.integrate_posy    integrate.o
    0x0000426c   0x0000426c   0x00000034   Code   RO           13    i.main              main.o
    0x000042a0   0x000042a0   0x000000a6   Code   RO         3851    i.mknumstr          print_scan.o
    0x00004346   0x00004346   0x00000002   PAD
    0x00004348   0x00004348   0x00000024   Code   RO          248    i.setup_Integral    integrate.o
    0x0000436c   0x0000436c   0x00000150   Code   RO         5089    x$fpl$dadd          fz_wm.l(daddsub_clz.o)
    0x000044bc   0x000044bc   0x0000005e   Code   RO         5095    x$fpl$dfix          fz_wm.l(dfix.o)
    0x0000451a   0x0000451a   0x0000002e   Code   RO         5100    x$fpl$dflt          fz_wm.l(dflt_clz.o)
    0x00004548   0x00004548   0x00000154   Code   RO         5105    x$fpl$dmul          fz_wm.l(dmul.o)
    0x0000469c   0x0000469c   0x0000009c   Code   RO         5190    x$fpl$dnaninf       fz_wm.l(dnaninf.o)
    0x00004738   0x00004738   0x0000000c   Code   RO         5192    x$fpl$dretinf       fz_wm.l(dretinf.o)
    0x00004744   0x00004744   0x000001d4   Code   RO         5091    x$fpl$dsub          fz_wm.l(daddsub_clz.o)
    0x00004918   0x00004918   0x0000000a   Code   RO         5249    x$fpl$fpinit        fz_wm.l(fpinit.o)
    0x00004922   0x00004922   0x00000000   Code   RO         5194    x$fpl$usenofp       fz_wm.l(usenofp.o)
    0x00004922   0x00004922   0x00000002   PAD
    0x00004924   0x00004924   0x00000110   Data   RO          419    .constdata          i2c_mk64f.o
    0x00004a34   0x00004a34   0x00000048   Data   RO          792    .constdata          board.o
    0x00004a7c   0x00004a7c   0x00000019   Data   RO         1056    .constdata          fsl_edma_common.o
    0x00004a95   0x00004a95   0x00000003   PAD
    0x00004a98   0x00004a98   0x00000006   Data   RO         1514    .constdata          fsl_rtc_common.o
    0x00004a9e   0x00004a9e   0x000000c8   Data   RO         1981    .constdata          fsl_i2c_hal.o
    0x00004b66   0x00004b66   0x00000030   Data   RO         2171    .constdata          fsl_mcg_hal.o
    0x00004b96   0x00004b96   0x00000019   Data   RO         3273    .constdata          fsl_clock_mk64f12.o
    0x00004baf   0x00004baf   0x00000001   PAD
    0x00004bb0   0x00004bb0   0x0000000c   Data   RO         3687    .constdata          fsl_clock_manager_common.o
    0x00004bbc   0x00004bbc   0x00000018   Data   RO         3765    .constdata          fsl_debug_console.o
    0x00004bd4   0x00004bd4   0x000000ef   Data   RO          420    .conststring        i2c_mk64f.o
    0x00004cc3   0x00004cc3   0x00000001   PAD
    0x00004cc4   0x00004cc4   0x00000051   Data   RO         1098    .conststring        fsl_edma_driver.o
    0x00004d15   0x00004d15   0x00000003   PAD
    0x00004d18   0x00004d18   0x00000054   Data   RO         1777    .conststring        fsl_edma_hal.o
    0x00004d6c   0x00004d6c   0x00000054   Data   RO         1931    .conststring        fsl_gpio_hal.o
    0x00004dc0   0x00004dc0   0x00000052   Data   RO         1982    .conststring        fsl_i2c_hal.o
    0x00004e12   0x00004e12   0x00000002   PAD
    0x00004e14   0x00004e14   0x00000065   Data   RO         3274    .conststring        fsl_clock_mk64f12.o
    0x00004e79   0x00004e79   0x00000003   PAD
    0x00004e7c   0x00004e7c   0x0000005d   Data   RO         3570    .conststring        fsl_clock_manager.o
    0x00004ed9   0x00004ed9   0x00000003   PAD
    0x00004edc   0x00004edc   0x00000020   Data   RO         5340    Region$$Table       anon$$obj.o


    Execution Region RW_m_data (Exec base: 0x1fff0000, Load base: 0x00004efc, Size: 0x00000000, Max: 0x00010000, ABSOLUTE)

    **** No section assigned to this execution region ****


    Execution Region RW_m_data_2 (Exec base: 0x20000000, Load base: 0x00004efc, Size: 0x000000dc, Max: 0x0002f800, ABSOLUTE)

    Exec Addr    Load Addr    Size         Type   Attr      Idx    E Section Name        Object

    0x20000000   0x00004efc   0x00000008   Data   RW           15    .data               main.o
    0x20000008   0x00004f04   0x00000018   Data   RW          249    .data               integrate.o
    0x20000020   0x00004f1c   0x00000001   Data   RW          282    .data               fxos8700.o
    0x20000021   0x00004f1d   0x00000003   PAD
    0x20000024   0x00004f20   0x00000004   Data   RW         1099    .data               fsl_edma_driver.o
    0x20000028   0x00004f24   0x00000010   Data   RW         2172    .data               fsl_mcg_hal.o
    0x20000038   0x00004f34   0x00000004   Data   RW         4978    .data               system_mk64f12.o
    0x2000003c        -       0x00000030   Zero   RW           14    .bss                main.o
    0x2000006c        -       0x00000060   Zero   RW          418    .bss                i2c_mk64f.o
    0x200000cc        -       0x00000010   Zero   RW         3764    .bss                fsl_debug_console.o


    Execution Region ARM_LIB_HEAP (Exec base: 0x200000dc, Load base: 0x00004f38, Size: 0x00000400, Max: 0x00000400, ABSOLUTE)

    Exec Addr    Load Addr    Size         Type   Attr      Idx    E Section Name        Object

    0x200000dc        -       0x00000400   Zero   RW            1    ARM_LIB_HEAP.bss    anon$$obj.o


    Execution Region ARM_LIB_STACK (Exec base: 0x2002fc00, Load base: 0x00004f38, Size: 0x00000400, Max: 0x00000400, ABSOLUTE)

    Exec Addr    Load Addr    Size         Type   Attr      Idx    E Section Name        Object

    0x2002fc00        -       0x00000400   Zero   RW            2    ARM_LIB_STACK.bss   anon$$obj.o



  Load Region LR_m_interrupts (Base: 0x00000000, Size: 0x00000400, Max: 0x00000400, ABSOLUTE)

    Execution Region VECTOR_RAM (Exec base: 0x00000000, Load base: 0x00000000, Size: 0x00000000, Max: 0x00000000, ABSOLUTE)

    Exec Addr    Load Addr    Size         Type   Attr      Idx    E Section Name        Object

    0x00000000        -       0x00000000   Zero   RW            3    VECTOR_RAM.bss      anon$$obj.o


    Execution Region VECTOR_ROM (Exec base: 0x00000000, Load base: 0x00000000, Size: 0x00000400, Max: 0x00000400, ABSOLUTE)

    Exec Addr    Load Addr    Size         Type   Attr      Idx    E Section Name        Object

    0x00000000   0x00000000   0x00000400   Data   RO         4967    RESET               startup_mk64f12.o



  Load Region LR_m_flash_config (Base: 0x00000400, Size: 0x00000010, Max: 0x00000010, ABSOLUTE)

    Execution Region ER_m_flash_config (Exec base: 0x00000400, Load base: 0x00000400, Size: 0x00000010, Max: 0x00000010, ABSOLUTE)

    Exec Addr    Load Addr    Size         Type   Attr      Idx    E Section Name        Object

    0x00000400   0x00000400   0x00000010   Data   RO         4968    FlashConfig         startup_mk64f12.o


==============================================================================

Image component sizes


      Code (inc. data)   RO Data    RW Data    ZI Data      Debug   Object Name

       174         40         72          0          0      28275   board.o
       978        110         93          0          0      29917   fsl_clock_manager.o
         0          0         12          0          0        904   fsl_clock_manager_common.o
       594        222        126          0          0      29059   fsl_clock_mk64f12.o
       292         30         24          0         16      15026   fsl_debug_console.o
         0          0         25          0          0        913   fsl_edma_common.o
       690        130         81          4          0      17700   fsl_edma_driver.o
      1054        154         84          0          0      14822   fsl_edma_hal.o
       160          0          0          0          0       9086   fsl_edma_irq.o
        68         16         84          0          0       1133   fsl_gpio_hal.o
       408         40        282          0          0       8630   fsl_i2c_hal.o
       802         40         48         16          0      16914   fsl_mcg_hal.o
       914         14          0          0          0      12600   fsl_mcg_hal_modes.o
         0          0          0          0          0       9164   fsl_os_abstraction_bm.o
        12          0          0          0          0       1011   fsl_osc_hal.o
         0          0          6          0          0        781   fsl_rtc_common.o
        56          0          0          0          0       1458   fsl_sim_hal_mk64f12.o
       250          0          0          0          0      12807   fsl_uart_hal.o
       628         34          0          1          0       8681   fxos8700.o
        30          0          0          0          0        540   hardware_init.o
      4770        412        511          0         96     117870   i2c_mk64f.o
       404         56          0         24          0       2235   integrate.o
       734        128          0          8         48     656212   main.o
       140         30          0          0          0       3258   pin_mux.o
      1594         26          0          0          0       5795   print_scan.o
        72         18          0          0          0        580   startup.o
        56         18       1040          0          0        856   startup_mk64f12.o
       496         44          0          4          0       1647   system_mk64f12.o
        72         22          0          0          0        453   utils.o

    ----------------------------------------------------------------------
     15480       1584       2536         60       2208    1008327   Object Totals
         0          0         32          0       2048          0   (incl. Generated)
        32          0         16          3          0          0   (incl. Padding)

    ----------------------------------------------------------------------

      Code (inc. data)   RO Data    RW Data    ZI Data      Debug   Library Member Name

         8          0          0          0          0         68   __main.o
         0          0          0          0          0          0   __rtentry.o
        12          0          0          0          0          0   __rtentry2.o
         8          4          0          0          0          0   __rtentry7.o
        52          8          0          0          0          0   __scatter.o
        26          0          0          0          0          0   __scatter_copy.o
        28          0          0          0          0          0   __scatter_zi.o
        22          0          0          0          0         80   abort.o
       128         42          0          0          0         76   assert.o
        20          0          0          0          0         76   assert_puts.o
        48         34          0          0          0         76   defsig_abrt_inner.o
        14          0          0          0          0         80   defsig_abrt_outer.o
        10          0          0          0          0         68   defsig_exit.o
        50          0          0          0          0         88   defsig_general.o
        18          0          0          0          0         80   exit.o
         0          0          0          0          0          0   indicate_semi.o
         2          0          0          0          0          0   libinit.o
         6          0          0          0          0          0   libinit2.o
         2          0          0          0          0          0   libshutdown.o
         2          0          0          0          0          0   libshutdown2.o
        78          0          0          0          0         80   rt_memclr_w.o
       100          0          0          0          0         80   rt_memcpy_w.o
         2          0          0          0          0          0   rtexit.o
        10          0          0          0          0          0   rtexit2.o
        62          0          0          0          0         76   strlen.o
        12          4          0          0          0         68   sys_exit.o
        14          0          0          0          0         76   sys_wrch.o
         2          0          0          0          0         68   use_no_semi.o
       804         16          0          0          0        368   daddsub_clz.o
        94          4          0          0          0        140   dfix.o
        46          0          0          0          0        116   dflt_clz.o
       340         12          0          0          0        152   dmul.o
       156          4          0          0          0        140   dnaninf.o
        12          0          0          0          0        116   dretinf.o
        10          0          0          0          0        116   fpinit.o
         0          0          0          0          0          0   usenofp.o

    ----------------------------------------------------------------------
      2204        128          0          0          0       2288   Library Totals
         6          0          0          0          0          0   (incl. Padding)

    ----------------------------------------------------------------------

      Code (inc. data)   RO Data    RW Data    ZI Data      Debug   Library Name

       736         92          0          0          0       1140   c_w.l
      1462         36          0          0          0       1148   fz_wm.l

    ----------------------------------------------------------------------
      2204        128          0          0          0       2288   Library Totals

    ----------------------------------------------------------------------

==============================================================================


      Code (inc. data)   RO Data    RW Data    ZI Data      Debug   

     17684       1712       2536         60       2208     990043   Grand Totals
     17684       1712       2536         60       2208     990043   ELF Image Totals
     17684       1712       2536         60          0          0   ROM Totals

==============================================================================

    Total RO  Size (Code + RO Data)                20220 (  19.75kB)
    Total RW  Size (RW Data + ZI Data)              2268 (   2.21kB)
    Total ROM Size (Code + RO Data + RW Data)      20280 (  19.80kB)

==============================================================================

